.
├── IKEMENGo
│   ├── Makefile
│   ├── OverlayControls.h
│   ├── OverlayControls.m
│   ├── Resources
│   │   ├── AppIcon29x29.png
│   │   ├── AppIcon29x29@2x.png
│   │   ├── AppIcon29x29@3x.png
│   │   ├── AppIcon40x40.png
│   │   ├── AppIcon40x40@2x.png
│   │   ├── AppIcon40x40@3x.png
│   │   ├── AppIcon50x50.png
│   │   ├── AppIcon50x50@2x.png
│   │   ├── AppIcon57x57.png
│   │   ├── AppIcon57x57@2x.png
│   │   ├── AppIcon57x57@3x.png
│   │   ├── AppIcon60x60.png
│   │   ├── AppIcon60x60@2x.png
│   │   ├── AppIcon60x60@3x.png
│   │   ├── AppIcon72x72.png
│   │   ├── AppIcon72x72@2x.png
│   │   ├── AppIcon76x76.png
│   │   ├── AppIcon76x76@2x.png
│   │   ├── Info.plist
│   │   └── engine
│   │       ├── LICENCE.txt
│   │       ├── chars
│   │       │   ├── kfm
│   │       │   │   ├── ending.def
│   │       │   │   ├── ending.sff
│   │       │   │   ├── intro.def
│   │       │   │   ├── intro.sff
│   │       │   │   ├── kfm.air
│   │       │   │   ├── kfm.cmd
│   │       │   │   ├── kfm.cns
│   │       │   │   ├── kfm.def
│   │       │   │   ├── kfm.sff
│   │       │   │   ├── kfm.snd
│   │       │   │   ├── movelist.dat
│   │       │   │   └── readme.txt
│   │       │   ├── kfm720
│   │       │   │   ├── ending.def
│   │       │   │   ├── ending.sff
│   │       │   │   ├── intro.def
│   │       │   │   ├── intro.sff
│   │       │   │   ├── kfm.snd
│   │       │   │   ├── kfm720.air
│   │       │   │   ├── kfm720.cmd
│   │       │   │   ├── kfm720.cns
│   │       │   │   ├── kfm720.def
│   │       │   │   ├── kfm720.sff
│   │       │   │   ├── movelist.dat
│   │       │   │   └── readme.txt
│   │       │   ├── kfm_zaxis
│   │       │   │   ├── AI.zss
│   │       │   │   ├── command.zss
│   │       │   │   ├── ending.def
│   │       │   │   ├── ending.sff
│   │       │   │   ├── hits.zss
│   │       │   │   ├── intro.def
│   │       │   │   ├── intro.sff
│   │       │   │   ├── kfm.air
│   │       │   │   ├── kfm.cmd
│   │       │   │   ├── kfm.const
│   │       │   │   ├── kfm.sff
│   │       │   │   ├── kfm.snd
│   │       │   │   ├── kfm.zss
│   │       │   │   ├── kfm_zaxis.def
│   │       │   │   ├── movelist.dat
│   │       │   │   └── readme.txt
│   │       │   └── kfm_zss
│   │       │       ├── AI.zss
│   │       │       ├── command.zss
│   │       │       ├── ending.def
│   │       │       ├── ending.sff
│   │       │       ├── hits.zss
│   │       │       ├── intro.def
│   │       │       ├── intro.sff
│   │       │       ├── kfm.air
│   │       │       ├── kfm.cmd
│   │       │       ├── kfm.const
│   │       │       ├── kfm.sff
│   │       │       ├── kfm.snd
│   │       │       ├── kfm.zss
│   │       │       ├── kfm_zss.def
│   │       │       ├── movelist.dat
│   │       │       └── readme.txt
│   │       ├── data
│   │       │   ├── action.zss
│   │       │   ├── common.air
│   │       │   ├── common.cmd
│   │       │   ├── common.const
│   │       │   ├── common.snd
│   │       │   ├── common1.cns.zss
│   │       │   ├── demo.zss
│   │       │   ├── dizzy.zss
│   │       │   ├── fight.def
│   │       │   ├── fight.sff
│   │       │   ├── fight.snd
│   │       │   ├── fightfx.air
│   │       │   ├── fightfx.sff
│   │       │   ├── functions.zss
│   │       │   ├── glyphs.sff
│   │       │   ├── gofx
│   │       │   │   ├── gofx.air
│   │       │   │   ├── gofx.def
│   │       │   │   ├── gofx.sff
│   │       │   │   └── gofx.snd
│   │       │   ├── guardbreak.zss
│   │       │   ├── ikemen1
│   │       │   │   ├── credits.def
│   │       │   │   ├── fonts
│   │       │   │   │   ├── Action.def
│   │       │   │   │   ├── Action.sff
│   │       │   │   │   ├── ComboCounter.def
│   │       │   │   │   ├── ComboCounter.sff
│   │       │   │   │   ├── HitNum.def
│   │       │   │   │   ├── HitNum.sff
│   │       │   │   │   ├── Menu1.def
│   │       │   │   │   ├── Menu1.sff
│   │       │   │   │   ├── Menu2.def
│   │       │   │   │   ├── Menu2.sff
│   │       │   │   │   ├── Menu2Small.def
│   │       │   │   │   ├── Menu2Small.sff
│   │       │   │   │   ├── Pixel.def
│   │       │   │   │   ├── Pixel.sff
│   │       │   │   │   ├── PixelFlat.def
│   │       │   │   │   ├── PixelFlat.sff
│   │       │   │   │   ├── PowerbarNum.def
│   │       │   │   │   ├── PowerbarNum.sff
│   │       │   │   │   ├── Round.def
│   │       │   │   │   ├── Round.sff
│   │       │   │   │   ├── Timer.def
│   │       │   │   │   └── Timer.sff
│   │       │   │   ├── logo.def
│   │       │   │   ├── system.def
│   │       │   │   ├── system.sff
│   │       │   │   └── work
│   │       │   │       └── fonts
│   │       │   │           └── Menu2
│   │       │   │               ├── Menu2-sff.def
│   │       │   │               ├── Menu2.ase
│   │       │   │               └── Menu2.pcx
│   │       │   ├── score.zss
│   │       │   ├── select.def
│   │       │   ├── system.base.def
│   │       │   ├── system.snd
│   │       │   ├── system.zss
│   │       │   ├── tag.zss
│   │       │   ├── training.zss
│   │       │   └── work
│   │       │       ├── common_snd
│   │       │       │   ├── 5300-0.wav
│   │       │       │   ├── 5400-0.wav
│   │       │       │   └── import.ffe
│   │       │       ├── fight_sff
│   │       │       │   ├── 300-0.act
│   │       │       │   ├── 300-0.png
│   │       │       │   ├── 300-1.png
│   │       │       │   ├── 300-2.png
│   │       │       │   ├── 300-3.png
│   │       │       │   ├── 400-0.act
│   │       │       │   ├── 400-0.png
│   │       │       │   ├── 401-0.png
│   │       │       │   ├── 402-0.png
│   │       │       │   ├── 403-0.png
│   │       │       │   ├── 404-0.png
│   │       │       │   ├── 405-0.png
│   │       │       │   ├── 406-0.png
│   │       │       │   ├── 407-0.png
│   │       │       │   ├── 408-0.png
│   │       │       │   ├── 409-0.png
│   │       │       │   ├── 410-0.png
│   │       │       │   ├── 411-0.png
│   │       │       │   ├── 412-0.png
│   │       │       │   ├── 413-0.png
│   │       │       │   ├── 414-0.png
│   │       │       │   ├── 415-0.png
│   │       │       │   ├── 416-0.png
│   │       │       │   ├── 417-0.png
│   │       │       │   ├── 418-0.png
│   │       │       │   ├── 419-0.png
│   │       │       │   ├── 420-0.png
│   │       │       │   ├── 421-0.png
│   │       │       │   ├── 422-0.png
│   │       │       │   ├── 423-0.png
│   │       │       │   ├── 424-0.png
│   │       │       │   ├── 425-0.png
│   │       │       │   ├── import.ffe
│   │       │       │   └── template_msgs.psd
│   │       │       ├── fightfx_air.txt
│   │       │       ├── fightfx_sff
│   │       │       │   ├── 5000-0.act
│   │       │       │   ├── 5300-0.png
│   │       │       │   ├── 5300-1.png
│   │       │       │   ├── 5300-2.png
│   │       │       │   ├── 5300-3.png
│   │       │       │   ├── 5300-4.png
│   │       │       │   ├── 5300-5.png
│   │       │       │   ├── 5400-0.png
│   │       │       │   ├── 5400-1.png
│   │       │       │   ├── 5400-2.png
│   │       │       │   ├── 5410-0.png
│   │       │       │   ├── 5410-1.png
│   │       │       │   ├── 5410-2.png
│   │       │       │   ├── 5410-3.png
│   │       │       │   ├── 5410-4.png
│   │       │       │   ├── 5410-5.png
│   │       │       │   ├── 5410-6.png
│   │       │       │   ├── 5600-0.act
│   │       │       │   ├── 5600-0.png
│   │       │       │   ├── 5600-1.png
│   │       │       │   ├── 5600-2.png
│   │       │       │   ├── 9000-0.act
│   │       │       │   ├── 9000-0.png
│   │       │       │   └── import.ffe
│   │       │       ├── glyphs_sff
│   │       │       │   ├── ^2K.png
│   │       │       │   ├── ^2P.png
│   │       │       │   ├── ^3K.png
│   │       │       │   ├── ^3P.png
│   │       │       │   ├── ^A.png
│   │       │       │   ├── ^B.png
│   │       │       │   ├── ^C.png
│   │       │       │   ├── ^D.png
│   │       │       │   ├── ^HK.png
│   │       │       │   ├── ^HP.png
│   │       │       │   ├── ^K.png
│   │       │       │   ├── ^LK.png
│   │       │       │   ├── ^LP.png
│   │       │       │   ├── ^M.png
│   │       │       │   ├── ^MK.png
│   │       │       │   ├── ^MP.png
│   │       │       │   ├── ^P.png
│   │       │       │   ├── ^S.png
│   │       │       │   ├── ^W.png
│   │       │       │   ├── ^X.png
│   │       │       │   ├── ^Y.png
│   │       │       │   ├── ^Z.png
│   │       │       │   ├── _!.png
│   │       │       │   ├── _(.png
│   │       │       │   ├── _).png
│   │       │       │   ├── _+.png
│   │       │       │   ├── _-.png
│   │       │       │   ├── _..png
│   │       │       │   ├── _=.png
│   │       │       │   ├── _AIR.png
│   │       │       │   ├── _B.png
│   │       │       │   ├── _D.png
│   │       │       │   ├── _DB.png
│   │       │       │   ├── _DF.png
│   │       │       │   ├── _DSB.png
│   │       │       │   ├── _DSF.png
│   │       │       │   ├── _EX.png
│   │       │       │   ├── _F.png
│   │       │       │   ├── _FDB.png
│   │       │       │   ├── _FDF.png
│   │       │       │   ├── _FUB.png
│   │       │       │   ├── _FUF.png
│   │       │       │   ├── _HCB.png
│   │       │       │   ├── _HCF.png
│   │       │       │   ├── _HUB.png
│   │       │       │   ├── _HUF.png
│   │       │       │   ├── _MAX.png
│   │       │       │   ├── _QBD.png
│   │       │       │   ├── _QBU.png
│   │       │       │   ├── _QDB.png
│   │       │       │   ├── _QDF.png
│   │       │       │   ├── _QFD.png
│   │       │       │   ├── _QFU.png
│   │       │       │   ├── _QUB.png
│   │       │       │   ├── _QUF.png
│   │       │       │   ├── _TAP.png
│   │       │       │   ├── _U.png
│   │       │       │   ├── _UB.png
│   │       │       │   ├── _UF.png
│   │       │       │   ├── _XBB.png
│   │       │       │   ├── _XFF.png
│   │       │       │   ├── _^.png
│   │       │       │   ├── _`.png
│   │       │       │   ├── import.ffe
│   │       │       │   ├── template_btns.psd
│   │       │       │   ├── ~B.png
│   │       │       │   ├── ~D.png
│   │       │       │   ├── ~DB.png
│   │       │       │   ├── ~DF.png
│   │       │       │   ├── ~F.png
│   │       │       │   ├── ~U.png
│   │       │       │   ├── ~UB.png
│   │       │       │   └── ~UF.png
│   │       │       ├── system_sff
│   │       │       │   ├── 300-0.act
│   │       │       │   ├── 300-0.png
│   │       │       │   ├── 300-1.png
│   │       │       │   ├── 300-2.png
│   │       │       │   ├── 300-3.png
│   │       │       │   ├── 300-4.png
│   │       │       │   ├── 300-5.png
│   │       │       │   ├── 300-6.png
│   │       │       │   ├── 400-0.act
│   │       │       │   ├── 400-0.png
│   │       │       │   ├── 401-0.png
│   │       │       │   ├── 402-0.png
│   │       │       │   ├── 403-0.png
│   │       │       │   ├── 500-0.act
│   │       │       │   ├── 500-0.png
│   │       │       │   ├── 500-1.png
│   │       │       │   ├── 500-2.png
│   │       │       │   ├── 500-3.png
│   │       │       │   ├── 500-4.png
│   │       │       │   ├── 500-5.png
│   │       │       │   ├── 500-6.png
│   │       │       │   ├── 500-7.png
│   │       │       │   ├── 500-8.png
│   │       │       │   ├── 500-9.png
│   │       │       │   ├── 700-0-wide.png
│   │       │       │   ├── 700-0.act
│   │       │       │   ├── 700-0.png
│   │       │       │   ├── 800-0.png
│   │       │       │   ├── 800-1.png
│   │       │       │   ├── 800-2.png
│   │       │       │   ├── 800-3.png
│   │       │       │   ├── 810-0.png
│   │       │       │   ├── 810-1.png
│   │       │       │   ├── 810-2.png
│   │       │       │   ├── 810-3.png
│   │       │       │   ├── 810-4.png
│   │       │       │   ├── 810-5.png
│   │       │       │   ├── 810-6.png
│   │       │       │   ├── 810-7.png
│   │       │       │   ├── 810-8.png
│   │       │       │   ├── 810-9.png
│   │       │       │   ├── 900-0.act
│   │       │       │   ├── 900-0.png
│   │       │       │   ├── 900-1.png
│   │       │       │   ├── 900-10.png
│   │       │       │   ├── 900-11.png
│   │       │       │   ├── 900-12.png
│   │       │       │   ├── 900-13.png
│   │       │       │   ├── 900-14.png
│   │       │       │   ├── 900-15.png
│   │       │       │   ├── 900-16.png
│   │       │       │   ├── 900-18.png
│   │       │       │   ├── 900-2.png
│   │       │       │   ├── 900-3.png
│   │       │       │   ├── 900-4.png
│   │       │       │   ├── 900-5.png
│   │       │       │   ├── 900-6.png
│   │       │       │   ├── 900-7.png
│   │       │       │   ├── 900-8.png
│   │       │       │   ├── 900-9.png
│   │       │       │   ├── 901-0.png
│   │       │       │   ├── 901-1.png
│   │       │       │   ├── 901-10.png
│   │       │       │   ├── 901-11.png
│   │       │       │   ├── 901-12.png
│   │       │       │   ├── 901-13.png
│   │       │       │   ├── 901-14.png
│   │       │       │   ├── 901-15.png
│   │       │       │   ├── 901-16.png
│   │       │       │   ├── 901-19.png
│   │       │       │   ├── 901-2.png
│   │       │       │   ├── 901-20.png
│   │       │       │   ├── 901-21.png
│   │       │       │   ├── 901-22.png
│   │       │       │   ├── 901-23.png
│   │       │       │   ├── 901-24.png
│   │       │       │   ├── 901-25.png
│   │       │       │   ├── 901-26.png
│   │       │       │   ├── 901-27.png
│   │       │       │   ├── 901-28.png
│   │       │       │   ├── 901-29.png
│   │       │       │   ├── 901-3.png
│   │       │       │   ├── 901-30.png
│   │       │       │   ├── 901-4.png
│   │       │       │   ├── 901-5.png
│   │       │       │   ├── 901-6.png
│   │       │       │   ├── 901-7.png
│   │       │       │   ├── 901-8.png
│   │       │       │   ├── 901-9.png
│   │       │       │   ├── 902-0.png
│   │       │       │   ├── 902-1.png
│   │       │       │   ├── 902-10.png
│   │       │       │   ├── 902-11.png
│   │       │       │   ├── 902-12.png
│   │       │       │   ├── 902-13.png
│   │       │       │   ├── 902-14.png
│   │       │       │   ├── 902-15.png
│   │       │       │   ├── 902-16.png
│   │       │       │   ├── 902-19.png
│   │       │       │   ├── 902-2.png
│   │       │       │   ├── 902-20.png
│   │       │       │   ├── 902-21.png
│   │       │       │   ├── 902-22.png
│   │       │       │   ├── 902-23.png
│   │       │       │   ├── 902-24.png
│   │       │       │   ├── 902-25.png
│   │       │       │   ├── 902-26.png
│   │       │       │   ├── 902-27.png
│   │       │       │   ├── 902-28.png
│   │       │       │   ├── 902-29.png
│   │       │       │   ├── 902-3.png
│   │       │       │   ├── 902-30.png
│   │       │       │   ├── 902-4.png
│   │       │       │   ├── 902-5.png
│   │       │       │   ├── 902-6.png
│   │       │       │   ├── 902-7.png
│   │       │       │   ├── 902-8.png
│   │       │       │   ├── 902-9.png
│   │       │       │   ├── 903-0.png
│   │       │       │   ├── 903-1.png
│   │       │       │   ├── 903-10.png
│   │       │       │   ├── 903-11.png
│   │       │       │   ├── 903-12.png
│   │       │       │   ├── 903-13.png
│   │       │       │   ├── 903-14.png
│   │       │       │   ├── 903-15.png
│   │       │       │   ├── 903-16.png
│   │       │       │   ├── 903-19.png
│   │       │       │   ├── 903-2.png
│   │       │       │   ├── 903-20.png
│   │       │       │   ├── 903-21.png
│   │       │       │   ├── 903-22.png
│   │       │       │   ├── 903-23.png
│   │       │       │   ├── 903-24.png
│   │       │       │   ├── 903-25.png
│   │       │       │   ├── 903-26.png
│   │       │       │   ├── 903-27.png
│   │       │       │   ├── 903-28.png
│   │       │       │   ├── 903-29.png
│   │       │       │   ├── 903-3.png
│   │       │       │   ├── 903-30.png
│   │       │       │   ├── 903-4.png
│   │       │       │   ├── 903-5.png
│   │       │       │   ├── 903-6.png
│   │       │       │   ├── 903-7.png
│   │       │       │   ├── 903-8.png
│   │       │       │   ├── 903-9.png
│   │       │       │   ├── 904-0.png
│   │       │       │   ├── 904-1.png
│   │       │       │   ├── 904-10.png
│   │       │       │   ├── 904-11.png
│   │       │       │   ├── 904-12.png
│   │       │       │   ├── 904-13.png
│   │       │       │   ├── 904-14.png
│   │       │       │   ├── 904-15.png
│   │       │       │   ├── 904-16.png
│   │       │       │   ├── 904-19.png
│   │       │       │   ├── 904-2.png
│   │       │       │   ├── 904-20.png
│   │       │       │   ├── 904-21.png
│   │       │       │   ├── 904-22.png
│   │       │       │   ├── 904-23.png
│   │       │       │   ├── 904-24.png
│   │       │       │   ├── 904-25.png
│   │       │       │   ├── 904-26.png
│   │       │       │   ├── 904-27.png
│   │       │       │   ├── 904-28.png
│   │       │       │   ├── 904-29.png
│   │       │       │   ├── 904-3.png
│   │       │       │   ├── 904-30.png
│   │       │       │   ├── 904-4.png
│   │       │       │   ├── 904-5.png
│   │       │       │   ├── 904-6.png
│   │       │       │   ├── 904-7.png
│   │       │       │   ├── 904-8.png
│   │       │       │   ├── 904-9.png
│   │       │       │   ├── 905-0.png
│   │       │       │   ├── 905-1.png
│   │       │       │   ├── 905-10.png
│   │       │       │   ├── 905-11.png
│   │       │       │   ├── 905-12.png
│   │       │       │   ├── 905-13.png
│   │       │       │   ├── 905-14.png
│   │       │       │   ├── 905-15.png
│   │       │       │   ├── 905-16.png
│   │       │       │   ├── 905-19.png
│   │       │       │   ├── 905-2.png
│   │       │       │   ├── 905-20.png
│   │       │       │   ├── 905-21.png
│   │       │       │   ├── 905-22.png
│   │       │       │   ├── 905-23.png
│   │       │       │   ├── 905-24.png
│   │       │       │   ├── 905-25.png
│   │       │       │   ├── 905-26.png
│   │       │       │   ├── 905-27.png
│   │       │       │   ├── 905-28.png
│   │       │       │   ├── 905-29.png
│   │       │       │   ├── 905-3.png
│   │       │       │   ├── 905-30.png
│   │       │       │   ├── 905-4.png
│   │       │       │   ├── 905-5.png
│   │       │       │   ├── 905-6.png
│   │       │       │   ├── 905-7.png
│   │       │       │   ├── 905-8.png
│   │       │       │   ├── 905-9.png
│   │       │       │   ├── 906-0.png
│   │       │       │   ├── 906-1.png
│   │       │       │   ├── 906-10.png
│   │       │       │   ├── 906-11.png
│   │       │       │   ├── 906-12.png
│   │       │       │   ├── 906-13.png
│   │       │       │   ├── 906-14.png
│   │       │       │   ├── 906-15.png
│   │       │       │   ├── 906-16.png
│   │       │       │   ├── 906-19.png
│   │       │       │   ├── 906-2.png
│   │       │       │   ├── 906-20.png
│   │       │       │   ├── 906-21.png
│   │       │       │   ├── 906-22.png
│   │       │       │   ├── 906-23.png
│   │       │       │   ├── 906-24.png
│   │       │       │   ├── 906-25.png
│   │       │       │   ├── 906-26.png
│   │       │       │   ├── 906-27.png
│   │       │       │   ├── 906-28.png
│   │       │       │   ├── 906-29.png
│   │       │       │   ├── 906-3.png
│   │       │       │   ├── 906-30.png
│   │       │       │   ├── 906-4.png
│   │       │       │   ├── 906-5.png
│   │       │       │   ├── 906-6.png
│   │       │       │   ├── 906-7.png
│   │       │       │   ├── 906-8.png
│   │       │       │   ├── 906-9.png
│   │       │       │   ├── 907-0.png
│   │       │       │   ├── 907-1.png
│   │       │       │   ├── 907-10.png
│   │       │       │   ├── 907-11.png
│   │       │       │   ├── 907-12.png
│   │       │       │   ├── 907-13.png
│   │       │       │   ├── 907-14.png
│   │       │       │   ├── 907-15.png
│   │       │       │   ├── 907-16.png
│   │       │       │   ├── 907-19.png
│   │       │       │   ├── 907-2.png
│   │       │       │   ├── 907-20.png
│   │       │       │   ├── 907-21.png
│   │       │       │   ├── 907-22.png
│   │       │       │   ├── 907-23.png
│   │       │       │   ├── 907-24.png
│   │       │       │   ├── 907-25.png
│   │       │       │   ├── 907-26.png
│   │       │       │   ├── 907-27.png
│   │       │       │   ├── 907-28.png
│   │       │       │   ├── 907-29.png
│   │       │       │   ├── 907-3.png
│   │       │       │   ├── 907-30.png
│   │       │       │   ├── 907-4.png
│   │       │       │   ├── 907-5.png
│   │       │       │   ├── 907-6.png
│   │       │       │   ├── 907-7.png
│   │       │       │   ├── 907-8.png
│   │       │       │   ├── 907-9.png
│   │       │       │   ├── 908-0.png
│   │       │       │   ├── 908-1.png
│   │       │       │   ├── 908-10.png
│   │       │       │   ├── 908-11.png
│   │       │       │   ├── 908-12.png
│   │       │       │   ├── 908-13.png
│   │       │       │   ├── 908-14.png
│   │       │       │   ├── 908-15.png
│   │       │       │   ├── 908-16.png
│   │       │       │   ├── 908-19.png
│   │       │       │   ├── 908-2.png
│   │       │       │   ├── 908-20.png
│   │       │       │   ├── 908-21.png
│   │       │       │   ├── 908-22.png
│   │       │       │   ├── 908-23.png
│   │       │       │   ├── 908-24.png
│   │       │       │   ├── 908-25.png
│   │       │       │   ├── 908-26.png
│   │       │       │   ├── 908-27.png
│   │       │       │   ├── 908-28.png
│   │       │       │   ├── 908-29.png
│   │       │       │   ├── 908-3.png
│   │       │       │   ├── 908-30.png
│   │       │       │   ├── 908-4.png
│   │       │       │   ├── 908-5.png
│   │       │       │   ├── 908-6.png
│   │       │       │   ├── 908-7.png
│   │       │       │   ├── 908-8.png
│   │       │       │   ├── 908-9.png
│   │       │       │   ├── 909-0.png
│   │       │       │   ├── 909-1.png
│   │       │       │   ├── 909-10.png
│   │       │       │   ├── 909-11.png
│   │       │       │   ├── 909-12.png
│   │       │       │   ├── 909-13.png
│   │       │       │   ├── 909-14.png
│   │       │       │   ├── 909-15.png
│   │       │       │   ├── 909-16.png
│   │       │       │   ├── 909-17.png
│   │       │       │   ├── 909-18.png
│   │       │       │   ├── 909-19.png
│   │       │       │   ├── 909-20.png
│   │       │       │   ├── 909-21.png
│   │       │       │   ├── 909-22.png
│   │       │       │   ├── 909-23.png
│   │       │       │   ├── 909-24.png
│   │       │       │   ├── 909-25.png
│   │       │       │   ├── 909-26.png
│   │       │       │   ├── 909-27.png
│   │       │       │   ├── 909-28.png
│   │       │       │   ├── 909-29.png
│   │       │       │   ├── 909-3.png
│   │       │       │   ├── 909-30.png
│   │       │       │   ├── 909-31.png
│   │       │       │   ├── 909-32.png
│   │       │       │   ├── 909-33.png
│   │       │       │   ├── 909-34.png
│   │       │       │   ├── 909-35.png
│   │       │       │   ├── 909-36.png
│   │       │       │   ├── 909-38.png
│   │       │       │   ├── 909-39.png
│   │       │       │   ├── 909-4.png
│   │       │       │   ├── 909-40.png
│   │       │       │   ├── 909-41.png
│   │       │       │   ├── 909-42.png
│   │       │       │   ├── 909-43.png
│   │       │       │   ├── 909-44.png
│   │       │       │   ├── 909-45.png
│   │       │       │   ├── 909-46.png
│   │       │       │   ├── 909-47.png
│   │       │       │   ├── 909-48.png
│   │       │       │   ├── 909-49.png
│   │       │       │   ├── 909-5.png
│   │       │       │   ├── 909-50.png
│   │       │       │   ├── 909-6.png
│   │       │       │   ├── 909-7.png
│   │       │       │   ├── 909-8.png
│   │       │       │   ├── 910-0.png
│   │       │       │   ├── 910-1.png
│   │       │       │   ├── 910-10.png
│   │       │       │   ├── 910-11.png
│   │       │       │   ├── 910-12.png
│   │       │       │   ├── 910-13.png
│   │       │       │   ├── 910-14.png
│   │       │       │   ├── 910-15.png
│   │       │       │   ├── 910-16.png
│   │       │       │   ├── 910-17.png
│   │       │       │   ├── 910-18.png
│   │       │       │   ├── 910-19.png
│   │       │       │   ├── 910-2.png
│   │       │       │   ├── 910-20.png
│   │       │       │   ├── 910-21.png
│   │       │       │   ├── 910-22.png
│   │       │       │   ├── 910-23.png
│   │       │       │   ├── 910-24.png
│   │       │       │   ├── 910-25.png
│   │       │       │   ├── 910-26.png
│   │       │       │   ├── 910-27.png
│   │       │       │   ├── 910-28.png
│   │       │       │   ├── 910-29.png
│   │       │       │   ├── 910-3.png
│   │       │       │   ├── 910-30.png
│   │       │       │   ├── 910-31.png
│   │       │       │   ├── 910-32.png
│   │       │       │   ├── 910-33.png
│   │       │       │   ├── 910-34.png
│   │       │       │   ├── 910-35.png
│   │       │       │   ├── 910-36.png
│   │       │       │   ├── 910-37.png
│   │       │       │   ├── 910-38.png
│   │       │       │   ├── 910-39.png
│   │       │       │   ├── 910-4.png
│   │       │       │   ├── 910-40.png
│   │       │       │   ├── 910-41.png
│   │       │       │   ├── 910-42.png
│   │       │       │   ├── 910-43.png
│   │       │       │   ├── 910-44.png
│   │       │       │   ├── 910-45.png
│   │       │       │   ├── 910-46.png
│   │       │       │   ├── 910-47.png
│   │       │       │   ├── 910-48.png
│   │       │       │   ├── 910-49.png
│   │       │       │   ├── 910-5.png
│   │       │       │   ├── 910-50.png
│   │       │       │   ├── 910-51.png
│   │       │       │   ├── 910-52.png
│   │       │       │   ├── 910-53.png
│   │       │       │   ├── 910-54.png
│   │       │       │   ├── 910-55.png
│   │       │       │   ├── 910-56.png
│   │       │       │   ├── 910-57.png
│   │       │       │   ├── 910-58.png
│   │       │       │   ├── 910-59.png
│   │       │       │   ├── 910-6.png
│   │       │       │   ├── 910-60.png
│   │       │       │   ├── 910-61.png
│   │       │       │   ├── 910-62.png
│   │       │       │   ├── 910-63.png
│   │       │       │   ├── 910-64.png
│   │       │       │   ├── 910-65.png
│   │       │       │   ├── 910-66.png
│   │       │       │   ├── 910-67.png
│   │       │       │   ├── 910-68.png
│   │       │       │   ├── 910-69.png
│   │       │       │   ├── 910-7.png
│   │       │       │   ├── 910-70.png
│   │       │       │   ├── 910-71.png
│   │       │       │   ├── 910-72.png
│   │       │       │   ├── 910-73.png
│   │       │       │   ├── 910-74.png
│   │       │       │   ├── 910-75.png
│   │       │       │   ├── 910-76.png
│   │       │       │   ├── 910-77.png
│   │       │       │   ├── 910-78.png
│   │       │       │   ├── 910-8.png
│   │       │       │   ├── 910-9.png
│   │       │       │   └── import.ffe
│   │       │       └── system_snd
│   │       │           ├── 400-0.wav
│   │       │           ├── 500-0.wav
│   │       │           ├── 900-0.wav
│   │       │           ├── 900-1.wav
│   │       │           ├── 900-10.wav
│   │       │           ├── 900-2.wav
│   │       │           ├── 900-3.wav
│   │       │           ├── 900-4.wav
│   │       │           ├── 900-5.wav
│   │       │           ├── 900-6.wav
│   │       │           ├── 900-7.wav
│   │       │           ├── 900-8.wav
│   │       │           ├── 900-9.wav
│   │       │           └── import.ffe
│   │       ├── external
│   │       │   ├── gamecontrollerdb.txt
│   │       │   ├── icons
│   │       │   │   ├── Ikemen.ico
│   │       │   │   ├── IkemenCylia_256.png
│   │       │   │   ├── IkemenCylia_48.png
│   │       │   │   ├── IkemenCylia_96.png
│   │       │   │   ├── Ikemen_Cylia.ico
│   │       │   │   ├── Ikemen_Cylia_V2.ico
│   │       │   │   ├── Ikemen_V2.ico
│   │       │   │   └── icon-src
│   │       │   │       ├── Cylia
│   │       │   │       │   └── ikemen.svg
│   │       │   │       └── CyliaV2
│   │       │   │           └── ikemen_v2.svg
│   │       │   ├── mods
│   │       │   ├── script
│   │       │   │   ├── debug.lua
│   │       │   │   ├── default.lua
│   │       │   │   ├── main.lua
│   │       │   │   ├── menu.lua
│   │       │   │   ├── options.lua
│   │       │   │   └── start.lua
│   │       │   └── shaders
│   │       │       ├── HQ2x.frag
│   │       │       ├── HQ2x.frag.spv
│   │       │       ├── HQ2x.vert
│   │       │       ├── HQ2x.vert.spv
│   │       │       ├── HQ4x.frag
│   │       │       ├── HQ4x.frag.spv
│   │       │       ├── HQ4x.vert
│   │       │       ├── HQ4x.vert.spv
│   │       │       ├── Scanline.frag
│   │       │       ├── Scanline.frag.spv
│   │       │       ├── Scanline.vert
│   │       │       └── Scanline.vert.spv
│   │       ├── font
│   │       │   ├── Open_Sans
│   │       │   │   ├── LICENSE.txt
│   │       │   │   ├── OpenSans-Bold.ttf
│   │       │   │   ├── OpenSans-BoldItalic.ttf
│   │       │   │   ├── OpenSans-ExtraBold.ttf
│   │       │   │   ├── OpenSans-ExtraBoldItalic.ttf
│   │       │   │   ├── OpenSans-Italic.ttf
│   │       │   │   ├── OpenSans-Light.ttf
│   │       │   │   ├── OpenSans-LightItalic.ttf
│   │       │   │   ├── OpenSans-Regular.ttf
│   │       │   │   ├── OpenSans-SemiBold.ttf
│   │       │   │   └── OpenSans-SemiBoldItalic.ttf
│   │       │   ├── Open_Sans.def
│   │       │   ├── arcade.def
│   │       │   ├── arcade.sff
│   │       │   ├── debug.def
│   │       │   ├── default-3x5-bold.def
│   │       │   ├── default-3x5-bold.sff
│   │       │   ├── default-3x5.def
│   │       │   ├── default-3x5.sff
│   │       │   ├── ending-2.sff
│   │       │   ├── ending-bg.def
│   │       │   ├── enter48.def
│   │       │   ├── enter48.sff
│   │       │   ├── f-4x6.def
│   │       │   ├── f-4x6.fnt
│   │       │   ├── f-4x6.sff
│   │       │   ├── f-6x8f.fnt
│   │       │   ├── f-6x9.def
│   │       │   ├── f-6x9.fnt
│   │       │   ├── f-6x9.sff
│   │       │   ├── f-6x9f.fnt
│   │       │   ├── font2.def
│   │       │   ├── font2.sff
│   │       │   ├── infofont.def
│   │       │   ├── jg.fnt
│   │       │   ├── msgothic-tt36.def
│   │       │   ├── mssansserif-tt36.def
│   │       │   ├── name1.fnt
│   │       │   ├── name14.def
│   │       │   ├── name14.sff
│   │       │   ├── num1.def
│   │       │   ├── num1.fnt
│   │       │   ├── num1.sff
│   │       │   ├── num48.def
│   │       │   ├── num48.sff
│   │       │   ├── num72.def
│   │       │   ├── num72.sff
│   │       │   └── options.def
│   │       ├── sound
│   │       ├── stages
│   │       │   ├── interactivestage
│   │       │   │   ├── interactivestageChar.air
│   │       │   │   ├── interactivestageChar.sff
│   │       │   │   ├── interactivestageChar.snd
│   │       │   │   ├── interactivestageChar.zss
│   │       │   │   ├── interactivestagechar.def
│   │       │   │   ├── wobble.frag
│   │       │   │   └── wobble.frag.spv
│   │       │   ├── interactivestage.def
│   │       │   ├── interactivestage.sff
│   │       │   ├── kfm.def
│   │       │   ├── kfm.sff
│   │       │   ├── stage0-720.def
│   │       │   ├── stage0-720.sff
│   │       │   ├── stage0.def
│   │       │   ├── stage0.sff
│   │       │   ├── stage1.def
│   │       │   ├── stage1.sff
│   │       │   ├── stage3d.def
│   │       │   ├── stage3d.glb
│   │       │   ├── stage3d.sff
│   │       │   ├── stage3d_outline.def
│   │       │   ├── stage3d_outline.glb
│   │       │   ├── stage3d_outline.sff
│   │       │   ├── stageZ.def
│   │       │   └── stageZ.sff
│   │       └── video
│   │           ├── ik_credits.webm
│   │           └── ik_logo.webm
│   ├── control
│   ├── engine
│   │   └── libengine.a
│   ├── main.m
│   └── packages
│       ├── com.ikemen.go_0.0.1-1+debug.ipa
│       ├── com.ikemen.go_0.0.1-10+debug.ipa
│       ├── com.ikemen.go_0.0.1-11+debug.ipa
│       ├── com.ikemen.go_0.0.1-12+debug.ipa
│       ├── com.ikemen.go_0.0.1-13+debug.ipa
│       ├── com.ikemen.go_0.0.1-14+debug.ipa
│       ├── com.ikemen.go_0.0.1-15+debug.ipa
│       ├── com.ikemen.go_0.0.1-16+debug.ipa
│       ├── com.ikemen.go_0.0.1-17+debug.ipa
│       ├── com.ikemen.go_0.0.1-18+debug.ipa
│       ├── com.ikemen.go_0.0.1-19+debug.ipa
│       ├── com.ikemen.go_0.0.1-2+debug.ipa
│       ├── com.ikemen.go_0.0.1-20+debug.ipa
│       ├── com.ikemen.go_0.0.1-21+debug.ipa
│       ├── com.ikemen.go_0.0.1-22+debug.ipa
│       ├── com.ikemen.go_0.0.1-23+debug.ipa
│       ├── com.ikemen.go_0.0.1-24+debug.ipa
│       ├── com.ikemen.go_0.0.1-25+debug.ipa
│       ├── com.ikemen.go_0.0.1-26+debug.ipa
│       ├── com.ikemen.go_0.0.1-27+debug.ipa
│       ├── com.ikemen.go_0.0.1-3+debug.ipa
│       ├── com.ikemen.go_0.0.1-4+debug.ipa
│       ├── com.ikemen.go_0.0.1-5+debug.ipa
│       ├── com.ikemen.go_0.0.1-6+debug.ipa
│       ├── com.ikemen.go_0.0.1-7+debug.ipa
│       └── com.ikemen.go_0.0.1-8+debug.ipa
├── Ikemen-GO
│   ├── BUILDING.md
│   ├── CONTRIBUTING.md
│   ├── LICENCE.txt
│   ├── Makefile
│   ├── README.md
│   ├── build
│   │   ├── Ikemen_GO.command
│   │   ├── Info.plist
│   │   ├── build.sh
│   │   ├── build_android.sh
│   │   ├── bundle_run.sh
│   │   ├── docker
│   │   │   └── android
│   │   │       ├── Dockerfile
│   │   │       └── docker-compose.yml
│   │   └── wiki
│   │       └── generate_script_wiki.py
│   ├── data
│   │   ├── action.zss
│   │   ├── common.air
│   │   ├── common.cmd
│   │   ├── common.const
│   │   ├── common1.cns.zss
│   │   ├── demo.zss
│   │   ├── dizzy.zss
│   │   ├── functions.zss
│   │   ├── guardbreak.zss
│   │   ├── score.zss
│   │   ├── system.zss
│   │   ├── tag.zss
│   │   └── training.zss
│   ├── external
│   │   ├── icons
│   │   │   ├── Ikemen.ico
│   │   │   ├── IkemenCylia_256.png
│   │   │   ├── IkemenCylia_48.png
│   │   │   ├── IkemenCylia_96.png
│   │   │   ├── Ikemen_Cylia.ico
│   │   │   ├── Ikemen_Cylia_V2.ico
│   │   │   ├── Ikemen_V2.ico
│   │   │   └── icon-src
│   │   │       ├── Cylia
│   │   │       │   └── ikemen.svg
│   │   │       └── CyliaV2
│   │   │           └── ikemen_v2.svg
│   │   ├── mods
│   │   ├── script
│   │   │   ├── debug.lua
│   │   │   ├── default.lua
│   │   │   ├── main.lua
│   │   │   ├── menu.lua
│   │   │   ├── options.lua
│   │   │   └── start.lua
│   │   └── shaders
│   │       ├── HQ2x.frag
│   │       ├── HQ2x.frag.spv
│   │       ├── HQ2x.vert
│   │       ├── HQ2x.vert.spv
│   │       ├── HQ4x.frag
│   │       ├── HQ4x.frag.spv
│   │       ├── HQ4x.vert
│   │       ├── HQ4x.vert.spv
│   │       ├── Scanline.frag
│   │       ├── Scanline.frag.spv
│   │       ├── Scanline.vert
│   │       └── Scanline.vert.spv
│   ├── font
│   │   ├── Open_Sans
│   │   │   ├── LICENSE.txt
│   │   │   ├── OpenSans-Bold.ttf
│   │   │   ├── OpenSans-BoldItalic.ttf
│   │   │   ├── OpenSans-ExtraBold.ttf
│   │   │   ├── OpenSans-ExtraBoldItalic.ttf
│   │   │   ├── OpenSans-Italic.ttf
│   │   │   ├── OpenSans-Light.ttf
│   │   │   ├── OpenSans-LightItalic.ttf
│   │   │   ├── OpenSans-Regular.ttf
│   │   │   ├── OpenSans-SemiBold.ttf
│   │   │   └── OpenSans-SemiBoldItalic.ttf
│   │   ├── debug.def
│   │   ├── default-3x5-bold.def
│   │   ├── default-3x5-bold.sff
│   │   ├── default-3x5.def
│   │   └── default-3x5.sff
│   ├── go.mod
│   ├── go.sum
│   └── src
│       ├── anim.go
│       ├── audio_sdl.go
│       ├── bgdef.go
│       ├── bytecode.go
│       ├── camera.go
│       ├── char.go
│       ├── common.go
│       ├── compiler.go
│       ├── compiler_functions.go
│       ├── config.go
│       ├── dllsearch_windows.go
│       ├── fightscreen.go
│       ├── font.go
│       ├── font_gl33.go
│       ├── font_gles32.go
│       ├── font_vk.go
│       ├── hiscore_rank.go
│       ├── image.go
│       ├── iniutils.go
│       ├── input.go
│       ├── input_sdl.go
│       ├── main.go
│       ├── model.go
│       ├── motif.go
│       ├── music.go
│       ├── netplay.go
│       ├── rect.go
│       ├── render.go
│       ├── render_gl33.go
│       ├── render_gles32.go
│       ├── render_vk.go
│       ├── resources
│       │   ├── defaultConfig.ini
│       │   ├── defaultMotif.ini
│       │   └── defaultStoryboard.ini
│       ├── rollback.go
│       ├── script.go
│       ├── select_params.go
│       ├── shaders
│       │   ├── cubemapFiltering.frag.glsl
│       │   ├── cubemapFiltering.frag.spv
│       │   ├── font.frag.glsl
│       │   ├── font.frag.spv
│       │   ├── font.vert.glsl
│       │   ├── font.vert.spv
│       │   ├── ident.frag.glsl
│       │   ├── ident.frag.spv
│       │   ├── ident.vert.glsl
│       │   ├── ident.vert.spv
│       │   ├── model.frag.glsl
│       │   ├── model.frag.spv
│       │   ├── model.vert.glsl
│       │   ├── model.vert.spv
│       │   ├── panoramaToCubeMap.frag.glsl
│       │   ├── panoramaToCubeMap.frag.spv
│       │   ├── shadow.frag.glsl
│       │   ├── shadow.frag.spv
│       │   ├── shadow.geo.glsl
│       │   ├── shadow.vert.glsl
│       │   ├── shadow.vert.spv
│       │   ├── sprite.frag.glsl
│       │   ├── sprite.frag.spv
│       │   ├── sprite.vert.glsl
│       │   └── sprite.vert.spv
│       ├── sound.go
│       ├── sound_xm.go
│       ├── stage.go
│       ├── state.go
│       ├── state_clone.go
│       ├── stats.go
│       ├── stdout_windows.go
│       ├── storyboard.go
│       ├── system.go
│       ├── system_sdl.go
│       ├── util_android.go
│       ├── util_darwin.go
│       ├── util_desktop.go
│       ├── util_linux.go
│       ├── util_raw.go
│       ├── util_windows.go
│       └── video_ffmpeg.go
├── LICENSE
├── README.md
├── deps
│   ├── ios-ffmpeg
│   │   ├── include
│   │   │   ├── libavcodec
│   │   │   │   ├── ac3_parser.h
│   │   │   │   ├── adts_parser.h
│   │   │   │   ├── avcodec.h
│   │   │   │   ├── avdct.h
│   │   │   │   ├── avfft.h
│   │   │   │   ├── bsf.h
│   │   │   │   ├── codec.h
│   │   │   │   ├── codec_desc.h
│   │   │   │   ├── codec_id.h
│   │   │   │   ├── codec_par.h
│   │   │   │   ├── d3d11va.h
│   │   │   │   ├── defs.h
│   │   │   │   ├── dirac.h
│   │   │   │   ├── dv_profile.h
│   │   │   │   ├── dxva2.h
│   │   │   │   ├── jni.h
│   │   │   │   ├── mediacodec.h
│   │   │   │   ├── packet.h
│   │   │   │   ├── qsv.h
│   │   │   │   ├── vdpau.h
│   │   │   │   ├── version.h
│   │   │   │   ├── version_major.h
│   │   │   │   ├── videotoolbox.h
│   │   │   │   ├── vorbis_parser.h
│   │   │   │   └── xvmc.h
│   │   │   ├── libavfilter
│   │   │   │   ├── avfilter.h
│   │   │   │   ├── buffersink.h
│   │   │   │   ├── buffersrc.h
│   │   │   │   ├── version.h
│   │   │   │   └── version_major.h
│   │   │   ├── libavformat
│   │   │   │   ├── avformat.h
│   │   │   │   ├── avio.h
│   │   │   │   ├── version.h
│   │   │   │   └── version_major.h
│   │   │   ├── libavutil
│   │   │   │   ├── adler32.h
│   │   │   │   ├── aes.h
│   │   │   │   ├── aes_ctr.h
│   │   │   │   ├── ambient_viewing_environment.h
│   │   │   │   ├── attributes.h
│   │   │   │   ├── audio_fifo.h
│   │   │   │   ├── avassert.h
│   │   │   │   ├── avconfig.h
│   │   │   │   ├── avstring.h
│   │   │   │   ├── avutil.h
│   │   │   │   ├── base64.h
│   │   │   │   ├── blowfish.h
│   │   │   │   ├── bprint.h
│   │   │   │   ├── bswap.h
│   │   │   │   ├── buffer.h
│   │   │   │   ├── camellia.h
│   │   │   │   ├── cast5.h
│   │   │   │   ├── channel_layout.h
│   │   │   │   ├── common.h
│   │   │   │   ├── cpu.h
│   │   │   │   ├── crc.h
│   │   │   │   ├── csp.h
│   │   │   │   ├── des.h
│   │   │   │   ├── detection_bbox.h
│   │   │   │   ├── dict.h
│   │   │   │   ├── display.h
│   │   │   │   ├── dovi_meta.h
│   │   │   │   ├── downmix_info.h
│   │   │   │   ├── encryption_info.h
│   │   │   │   ├── error.h
│   │   │   │   ├── eval.h
│   │   │   │   ├── executor.h
│   │   │   │   ├── ffversion.h
│   │   │   │   ├── fifo.h
│   │   │   │   ├── file.h
│   │   │   │   ├── film_grain_params.h
│   │   │   │   ├── frame.h
│   │   │   │   ├── hash.h
│   │   │   │   ├── hdr_dynamic_metadata.h
│   │   │   │   ├── hdr_dynamic_vivid_metadata.h
│   │   │   │   ├── hmac.h
│   │   │   │   ├── hwcontext.h
│   │   │   │   ├── hwcontext_cuda.h
│   │   │   │   ├── hwcontext_d3d11va.h
│   │   │   │   ├── hwcontext_drm.h
│   │   │   │   ├── hwcontext_dxva2.h
│   │   │   │   ├── hwcontext_mediacodec.h
│   │   │   │   ├── hwcontext_opencl.h
│   │   │   │   ├── hwcontext_qsv.h
│   │   │   │   ├── hwcontext_vaapi.h
│   │   │   │   ├── hwcontext_vdpau.h
│   │   │   │   ├── hwcontext_videotoolbox.h
│   │   │   │   ├── hwcontext_vulkan.h
│   │   │   │   ├── imgutils.h
│   │   │   │   ├── intfloat.h
│   │   │   │   ├── intreadwrite.h
│   │   │   │   ├── lfg.h
│   │   │   │   ├── log.h
│   │   │   │   ├── lzo.h
│   │   │   │   ├── macros.h
│   │   │   │   ├── mastering_display_metadata.h
│   │   │   │   ├── mathematics.h
│   │   │   │   ├── md5.h
│   │   │   │   ├── mem.h
│   │   │   │   ├── motion_vector.h
│   │   │   │   ├── murmur3.h
│   │   │   │   ├── opt.h
│   │   │   │   ├── parseutils.h
│   │   │   │   ├── pixdesc.h
│   │   │   │   ├── pixelutils.h
│   │   │   │   ├── pixfmt.h
│   │   │   │   ├── random_seed.h
│   │   │   │   ├── rational.h
│   │   │   │   ├── rc4.h
│   │   │   │   ├── replaygain.h
│   │   │   │   ├── ripemd.h
│   │   │   │   ├── samplefmt.h
│   │   │   │   ├── sha.h
│   │   │   │   ├── sha512.h
│   │   │   │   ├── spherical.h
│   │   │   │   ├── stereo3d.h
│   │   │   │   ├── tea.h
│   │   │   │   ├── threadmessage.h
│   │   │   │   ├── time.h
│   │   │   │   ├── timecode.h
│   │   │   │   ├── timestamp.h
│   │   │   │   ├── tree.h
│   │   │   │   ├── twofish.h
│   │   │   │   ├── tx.h
│   │   │   │   ├── uuid.h
│   │   │   │   ├── version.h
│   │   │   │   ├── video_enc_params.h
│   │   │   │   ├── video_hint.h
│   │   │   │   └── xtea.h
│   │   │   ├── libswresample
│   │   │   │   ├── swresample.h
│   │   │   │   ├── version.h
│   │   │   │   └── version_major.h
│   │   │   └── libswscale
│   │   │       ├── swscale.h
│   │   │       ├── version.h
│   │   │       └── version_major.h
│   │   └── lib
│   │       ├── libavcodec.a
│   │       ├── libavfilter.a
│   │       ├── libavformat.a
│   │       ├── libavutil.a
│   │       ├── libswresample.a
│   │       ├── libswscale.a
│   │       └── pkgconfig
│   │           ├── libavcodec.pc
│   │           ├── libavfilter.pc
│   │           ├── libavformat.pc
│   │           ├── libavutil.pc
│   │           ├── libswresample.pc
│   │           └── libswscale.pc
│   ├── ios-libxmp
│   │   ├── include
│   │   │   └── xmp.h
│   │   └── lib
│   │       ├── cmake
│   │       │   └── libxmp
│   │       │       ├── libxmp-config-version.cmake
│   │       │       ├── libxmp-config.cmake
│   │       │       ├── libxmp-static-targets-noconfig.cmake
│   │       │       └── libxmp-static-targets.cmake
│   │       ├── libxmp.a
│   │       └── pkgconfig
│   │           └── libxmp.pc
│   └── ios-sdl
│       ├── bin
│       │   └── sdl2-config
│       ├── include
│       │   ├── KHR
│       │   │   └── khrplatform.h
│       │   └── SDL2
│       │       ├── SDL.h
│       │       ├── SDL_assert.h
│       │       ├── SDL_atomic.h
│       │       ├── SDL_audio.h
│       │       ├── SDL_bits.h
│       │       ├── SDL_blendmode.h
│       │       ├── SDL_clipboard.h
│       │       ├── SDL_config.h
│       │       ├── SDL_copying.h
│       │       ├── SDL_cpuinfo.h
│       │       ├── SDL_egl.h
│       │       ├── SDL_endian.h
│       │       ├── SDL_error.h
│       │       ├── SDL_events.h
│       │       ├── SDL_filesystem.h
│       │       ├── SDL_gamecontroller.h
│       │       ├── SDL_gesture.h
│       │       ├── SDL_guid.h
│       │       ├── SDL_haptic.h
│       │       ├── SDL_hidapi.h
│       │       ├── SDL_hints.h
│       │       ├── SDL_joystick.h
│       │       ├── SDL_keyboard.h
│       │       ├── SDL_keycode.h
│       │       ├── SDL_loadso.h
│       │       ├── SDL_locale.h
│       │       ├── SDL_log.h
│       │       ├── SDL_main.h
│       │       ├── SDL_messagebox.h
│       │       ├── SDL_metal.h
│       │       ├── SDL_misc.h
│       │       ├── SDL_mouse.h
│       │       ├── SDL_mutex.h
│       │       ├── SDL_name.h
│       │       ├── SDL_opengl.h
│       │       ├── SDL_opengl_glext.h
│       │       ├── SDL_opengles.h
│       │       ├── SDL_opengles2.h
│       │       ├── SDL_opengles2_gl2.h
│       │       ├── SDL_opengles2_gl2ext.h
│       │       ├── SDL_opengles2_gl2platform.h
│       │       ├── SDL_opengles2_khrplatform.h
│       │       ├── SDL_pixels.h
│       │       ├── SDL_platform.h
│       │       ├── SDL_power.h
│       │       ├── SDL_quit.h
│       │       ├── SDL_rect.h
│       │       ├── SDL_render.h
│       │       ├── SDL_revision.h
│       │       ├── SDL_rwops.h
│       │       ├── SDL_scancode.h
│       │       ├── SDL_sensor.h
│       │       ├── SDL_shape.h
│       │       ├── SDL_stdinc.h
│       │       ├── SDL_surface.h
│       │       ├── SDL_system.h
│       │       ├── SDL_syswm.h
│       │       ├── SDL_test.h
│       │       ├── SDL_test_assert.h
│       │       ├── SDL_test_common.h
│       │       ├── SDL_test_compare.h
│       │       ├── SDL_test_crc32.h
│       │       ├── SDL_test_font.h
│       │       ├── SDL_test_fuzzer.h
│       │       ├── SDL_test_harness.h
│       │       ├── SDL_test_images.h
│       │       ├── SDL_test_log.h
│       │       ├── SDL_test_md5.h
│       │       ├── SDL_test_memory.h
│       │       ├── SDL_test_random.h
│       │       ├── SDL_thread.h
│       │       ├── SDL_timer.h
│       │       ├── SDL_touch.h
│       │       ├── SDL_types.h
│       │       ├── SDL_version.h
│       │       ├── SDL_video.h
│       │       ├── SDL_vulkan.h
│       │       ├── begin_code.h
│       │       └── close_code.h
│       ├── lib
│       │   ├── cmake
│       │   │   └── SDL2
│       │   │       ├── SDL2Config.cmake
│       │   │       ├── SDL2ConfigVersion.cmake
│       │   │       ├── SDL2mainTargets-release.cmake
│       │   │       ├── SDL2mainTargets.cmake
│       │   │       ├── SDL2staticTargets-release.cmake
│       │   │       ├── SDL2staticTargets.cmake
│       │   │       ├── SDL2testTargets-release.cmake
│       │   │       ├── SDL2testTargets.cmake
│       │   │       └── sdlfind.cmake
│       │   ├── libSDL2.a
│       │   ├── libSDL2_test.a
│       │   ├── libSDL2main.a
│       │   └── pkgconfig
│       │       └── sdl2.pc
│       └── share
│           ├── aclocal
│           │   └── sdl2.m4
│           └── licenses
│               └── SDL2
│                   └── LICENSE.txt
├── ios
│   ├── deps
│   │   └── ios-sdl
│   │       └── include
│   │           └── SDL2
│   │               ├── SDL.h
│   │               ├── SDL_assert.h
│   │               ├── SDL_atomic.h
│   │               ├── SDL_audio.h
│   │               ├── SDL_bits.h
│   │               ├── SDL_blendmode.h
│   │               ├── SDL_clipboard.h
│   │               ├── SDL_copying.h
│   │               ├── SDL_cpuinfo.h
│   │               ├── SDL_egl.h
│   │               ├── SDL_endian.h
│   │               ├── SDL_error.h
│   │               ├── SDL_events.h
│   │               ├── SDL_filesystem.h
│   │               ├── SDL_gamecontroller.h
│   │               ├── SDL_gesture.h
│   │               ├── SDL_guid.h
│   │               ├── SDL_haptic.h
│   │               ├── SDL_hidapi.h
│   │               ├── SDL_hints.h
│   │               ├── SDL_joystick.h
│   │               ├── SDL_keyboard.h
│   │               ├── SDL_keycode.h
│   │               ├── SDL_loadso.h
│   │               ├── SDL_locale.h
│   │               ├── SDL_log.h
│   │               ├── SDL_main.h
│   │               ├── SDL_messagebox.h
│   │               ├── SDL_metal.h
│   │               ├── SDL_misc.h
│   │               ├── SDL_mouse.h
│   │               ├── SDL_mutex.h
│   │               ├── SDL_name.h
│   │               ├── SDL_opengl.h
│   │               ├── SDL_opengl_glext.h
│   │               ├── SDL_opengles.h
│   │               ├── SDL_opengles2.h
│   │               ├── SDL_opengles2_gl2.h
│   │               ├── SDL_opengles2_gl2ext.h
│   │               ├── SDL_opengles2_gl2platform.h
│   │               ├── SDL_opengles2_khrplatform.h
│   │               ├── SDL_pixels.h
│   │               ├── SDL_platform.h
│   │               ├── SDL_power.h
│   │               ├── SDL_quit.h
│   │               ├── SDL_rect.h
│   │               ├── SDL_render.h
│   │               ├── SDL_revision.h
│   │               ├── SDL_rwops.h
│   │               ├── SDL_scancode.h
│   │               ├── SDL_sensor.h
│   │               ├── SDL_shape.h
│   │               ├── SDL_stdinc.h
│   │               ├── SDL_surface.h
│   │               ├── SDL_system.h
│   │               ├── SDL_syswm.h
│   │               ├── SDL_test.h
│   │               ├── SDL_test_assert.h
│   │               ├── SDL_test_common.h
│   │               ├── SDL_test_compare.h
│   │               ├── SDL_test_crc32.h
│   │               ├── SDL_test_font.h
│   │               ├── SDL_test_fuzzer.h
│   │               ├── SDL_test_harness.h
│   │               ├── SDL_test_images.h
│   │               ├── SDL_test_log.h
│   │               ├── SDL_test_md5.h
│   │               ├── SDL_test_memory.h
│   │               ├── SDL_test_random.h
│   │               ├── SDL_thread.h
│   │               ├── SDL_timer.h
│   │               ├── SDL_touch.h
│   │               ├── SDL_types.h
│   │               ├── SDL_version.h
│   │               ├── SDL_video.h
│   │               ├── SDL_vulkan.h
│   │               ├── begin_code.h
│   │               └── close_code.h
│   └── engine
│       ├── LICENCE.txt
│       ├── cmdsdl
│       │   └── main.go
│       ├── data
│       │   ├── action.zss
│       │   ├── common.air
│       │   ├── common.cmd
│       │   ├── common.const
│       │   ├── common1.cns.zss
│       │   ├── demo.zss
│       │   ├── dizzy.zss
│       │   ├── functions.zss
│       │   ├── guardbreak.zss
│       │   ├── score.zss
│       │   ├── system.zss
│       │   ├── tag.zss
│       │   └── training.zss
│       ├── external
│       │   ├── icons
│       │   │   ├── Ikemen.ico
│       │   │   ├── IkemenCylia_256.png
│       │   │   ├── IkemenCylia_48.png
│       │   │   ├── IkemenCylia_96.png
│       │   │   ├── Ikemen_Cylia.ico
│       │   │   ├── Ikemen_Cylia_V2.ico
│       │   │   ├── Ikemen_V2.ico
│       │   │   └── icon-src
│       │   │       ├── Cylia
│       │   │       │   └── ikemen.svg
│       │   │       └── CyliaV2
│       │   │           └── ikemen_v2.svg
│       │   ├── mods
│       │   ├── script
│       │   │   ├── debug.lua
│       │   │   ├── default.lua
│       │   │   ├── main.lua
│       │   │   ├── menu.lua
│       │   │   ├── options.lua
│       │   │   └── start.lua
│       │   └── shaders
│       │       ├── HQ2x.frag
│       │       ├── HQ2x.frag.spv
│       │       ├── HQ2x.vert
│       │       ├── HQ2x.vert.spv
│       │       ├── HQ4x.frag
│       │       ├── HQ4x.frag.spv
│       │       ├── HQ4x.vert
│       │       ├── HQ4x.vert.spv
│       │       ├── Scanline.frag
│       │       ├── Scanline.frag.spv
│       │       ├── Scanline.vert
│       │       └── Scanline.vert.spv
│       ├── font
│       │   ├── Open_Sans
│       │   │   ├── LICENSE.txt
│       │   │   ├── OpenSans-Bold.ttf
│       │   │   ├── OpenSans-BoldItalic.ttf
│       │   │   ├── OpenSans-ExtraBold.ttf
│       │   │   ├── OpenSans-ExtraBoldItalic.ttf
│       │   │   ├── OpenSans-Italic.ttf
│       │   │   ├── OpenSans-Light.ttf
│       │   │   ├── OpenSans-LightItalic.ttf
│       │   │   ├── OpenSans-Regular.ttf
│       │   │   ├── OpenSans-SemiBold.ttf
│       │   │   └── OpenSans-SemiBoldItalic.ttf
│       │   ├── debug.def
│       │   ├── default-3x5-bold.def
│       │   ├── default-3x5-bold.sff
│       │   ├── default-3x5.def
│       │   └── default-3x5.sff
│       ├── go.mod
│       ├── go.sum
│       ├── src
│       │   ├── anim.go
│       │   ├── audio_sdl.go
│       │   ├── bgdef.go
│       │   ├── bytecode.go
│       │   ├── camera.go
│       │   ├── char.go
│       │   ├── common.go
│       │   ├── compiler.go
│       │   ├── compiler_functions.go
│       │   ├── config.go
│       │   ├── dllsearch_windows.go
│       │   ├── fightscreen.go
│       │   ├── font.go
│       │   ├── font_gl33.go
│       │   ├── font_gles32.go
│       │   ├── font_ios.go
│       │   ├── font_vk.go
│       │   ├── hiscore_rank.go
│       │   ├── image.go
│       │   ├── iniutils.go
│       │   ├── input.go
│       │   ├── input_ios.go
│       │   ├── input_ios_stub.go
│       │   ├── input_sdl.go
│       │   ├── iosgl.h
│       │   ├── main.go
│       │   ├── model.go
│       │   ├── motif.go
│       │   ├── music.go
│       │   ├── netplay.go
│       │   ├── rect.go
│       │   ├── render.go
│       │   ├── render_gl33.go
│       │   ├── render_gles32.go
│       │   ├── render_ios.go
│       │   ├── render_vk.go
│       │   ├── resources
│       │   │   ├── defaultConfig.ini
│       │   │   ├── defaultMotif.ini
│       │   │   └── defaultStoryboard.ini
│       │   ├── rollback.go
│       │   ├── script.go
│       │   ├── select_params.go
│       │   ├── shaders
│       │   │   ├── cubemapFiltering.frag.glsl
│       │   │   ├── cubemapFiltering.frag.spv
│       │   │   ├── font.frag.glsl
│       │   │   ├── font.frag.spv
│       │   │   ├── font.vert.glsl
│       │   │   ├── font.vert.spv
│       │   │   ├── ident.frag.glsl
│       │   │   ├── ident.frag.spv
│       │   │   ├── ident.vert.glsl
│       │   │   ├── ident.vert.spv
│       │   │   ├── model.frag.glsl
│       │   │   ├── model.frag.spv
│       │   │   ├── model.vert.glsl
│       │   │   ├── model.vert.spv
│       │   │   ├── panoramaToCubeMap.frag.glsl
│       │   │   ├── panoramaToCubeMap.frag.spv
│       │   │   ├── shadow.frag.glsl
│       │   │   ├── shadow.frag.spv
│       │   │   ├── shadow.geo.glsl
│       │   │   ├── shadow.vert.glsl
│       │   │   ├── shadow.vert.spv
│       │   │   ├── sprite.frag.glsl
│       │   │   ├── sprite.frag.spv
│       │   │   ├── sprite.vert.glsl
│       │   │   └── sprite.vert.spv
│       │   ├── sound.go
│       │   ├── sound_xm.go
│       │   ├── stage.go
│       │   ├── state.go
│       │   ├── state_clone.go
│       │   ├── stats.go
│       │   ├── stdout_windows.go
│       │   ├── storyboard.go
│       │   ├── system.go
│       │   ├── system_sdl.go
│       │   ├── util_android.go
│       │   ├── util_darwin.go
│       │   ├── util_desktop.go
│       │   ├── util_ios.go
│       │   ├── util_linux.go
│       │   ├── util_raw.go
│       │   ├── util_windows.go
│       │   └── video_ffmpeg.go
│       └── vendor
│           ├── github.com
│           │   ├── Eiton
│           │   │   └── vulkan
│           │   │       ├── BUILD.bazel
│           │   │       ├── LICENSE.txt
│           │   │       ├── Makefile
│           │   │       ├── README.md
│           │   │       ├── UPDATING.md
│           │   │       ├── WORKSPACE.bazel
│           │   │       ├── cgo_helpers.c
│           │   │       ├── cgo_helpers.go
│           │   │       ├── cgo_helpers.h
│           │   │       ├── const.go
│           │   │       ├── const_go.patch
│           │   │       ├── doc.go
│           │   │       ├── errors.go
│           │   │       ├── init.go
│           │   │       ├── types.go
│           │   │       ├── util.go
│           │   │       ├── version.go
│           │   │       ├── vk_bridge.c
│           │   │       ├── vk_bridge.h
│           │   │       ├── vk_debug_android.go
│           │   │       ├── vk_default_loader.c
│           │   │       ├── vk_default_loader.h
│           │   │       ├── vk_null32.go
│           │   │       ├── vk_null64.go
│           │   │       ├── vk_wrapper.h
│           │   │       ├── vk_wrapper_android.c
│           │   │       ├── vk_wrapper_compute.c
│           │   │       ├── vk_wrapper_desktop.c
│           │   │       ├── vk_wrapper_ios.m
│           │   │       ├── vulkan.go
│           │   │       ├── vulkan.yml
│           │   │       ├── vulkan_android.go
│           │   │       ├── vulkan_darwin.go
│           │   │       ├── vulkan_freebsd.go
│           │   │       ├── vulkan_ios.go
│           │   │       └── vulkan_linux.go
│           │   ├── TheTitanrain
│           │   │   └── w32
│           │   │       ├── AUTHORS
│           │   │       ├── LICENSE
│           │   │       ├── README.md
│           │   │       ├── advapi32.go
│           │   │       ├── advapi32_constants.go
│           │   │       ├── advapi32_typedef.go
│           │   │       ├── alpc.go
│           │   │       ├── alpc_constants.go
│           │   │       ├── alpc_typedef.go
│           │   │       ├── comctl32.go
│           │   │       ├── comdlg32.go
│           │   │       ├── constants.go
│           │   │       ├── create_process.go
│           │   │       ├── create_process_constants.go
│           │   │       ├── create_process_typedef.go
│           │   │       ├── dwmapi.go
│           │   │       ├── fork.go
│           │   │       ├── fork_constants.go
│           │   │       ├── fork_typedef.go
│           │   │       ├── gdi32.go
│           │   │       ├── gdiplus.go
│           │   │       ├── idispatch.go
│           │   │       ├── istream.go
│           │   │       ├── iunknown.go
│           │   │       ├── kernel32.go
│           │   │       ├── ole32.go
│           │   │       ├── oleaut32.go
│           │   │       ├── opengl32.go
│           │   │       ├── psapi.go
│           │   │       ├── shell32.go
│           │   │       ├── typedef.go
│           │   │       ├── user32.go
│           │   │       ├── utils.go
│           │   │       └── vars.go
│           │   ├── flopp
│           │   │   └── go-findfont
│           │   │       ├── LICENSE
│           │   │       ├── README.md
│           │   │       ├── findfont.go
│           │   │       ├── fontdirs_darwin.go
│           │   │       ├── fontdirs_unix.go
│           │   │       └── fontdirs_windows.go
│           │   ├── go-gl
│           │   │   ├── gl
│           │   │   │   ├── LICENSE
│           │   │   │   └── v3.3-core
│           │   │   │       └── gl
│           │   │   │           ├── KHR
│           │   │   │           │   ├── dummy.go
│           │   │   │           │   └── khrplatform.h
│           │   │   │           ├── build_cgo_hack.go
│           │   │   │           ├── conversions.go
│           │   │   │           ├── debug.go
│           │   │   │           ├── package.go
│           │   │   │           └── procaddr.go
│           │   │   └── mathgl
│           │   │       ├── AUTHORS
│           │   │       ├── CONTRIBUTORS
│           │   │       ├── LICENSE
│           │   │       └── mgl32
│           │   │           ├── conv.go
│           │   │           ├── doc.go
│           │   │           ├── matmn.go
│           │   │           ├── matrix.go
│           │   │           ├── matrix.tmpl
│           │   │           ├── mempool.go
│           │   │           ├── project.go
│           │   │           ├── quat.go
│           │   │           ├── shapes.go
│           │   │           ├── transform.go
│           │   │           ├── util.go
│           │   │           ├── vecn.go
│           │   │           ├── vector.go
│           │   │           └── vector.tmpl
│           │   ├── golang
│           │   │   └── freetype
│           │   │       ├── AUTHORS
│           │   │       ├── CONTRIBUTORS
│           │   │       ├── LICENSE
│           │   │       ├── README
│           │   │       ├── freetype.go
│           │   │       ├── raster
│           │   │       │   ├── geom.go
│           │   │       │   ├── paint.go
│           │   │       │   ├── raster.go
│           │   │       │   └── stroke.go
│           │   │       └── truetype
│           │   │           ├── face.go
│           │   │           ├── glyph.go
│           │   │           ├── hint.go
│           │   │           ├── opcodes.go
│           │   │           └── truetype.go
│           │   ├── gopxl
│           │   │   └── beep
│           │   │       └── v2
│           │   │           ├── LICENSE
│           │   │           ├── README.md
│           │   │           ├── buffer.go
│           │   │           ├── compositors.go
│           │   │           ├── ctrl.go
│           │   │           ├── effects
│           │   │           │   ├── doc.go
│           │   │           │   ├── doppler.go
│           │   │           │   ├── equalizer.go
│           │   │           │   ├── gain.go
│           │   │           │   ├── mono.go
│           │   │           │   ├── pan.go
│           │   │           │   ├── swap.go
│           │   │           │   ├── transition.go
│           │   │           │   └── volume.go
│           │   │           ├── flac
│           │   │           │   ├── decode.go
│           │   │           │   └── doc.go
│           │   │           ├── interface.go
│           │   │           ├── internal
│           │   │           │   └── util
│           │   │           │       └── math.go
│           │   │           ├── midi
│           │   │           │   └── decode.go
│           │   │           ├── mixer.go
│           │   │           ├── mp3
│           │   │           │   └── decode.go
│           │   │           ├── resample.go
│           │   │           ├── streamers.go
│           │   │           ├── vorbis
│           │   │           │   └── decode.go
│           │   │           └── wav
│           │   │               ├── decode.go
│           │   │               ├── doc.go
│           │   │               └── encode.go
│           │   ├── hajimehoshi
│           │   │   └── go-mp3
│           │   │       ├── AUTHORS
│           │   │       ├── LICENSE
│           │   │       ├── README.md
│           │   │       ├── decode.go
│           │   │       ├── internal
│           │   │       │   ├── bits
│           │   │       │   │   └── bits.go
│           │   │       │   ├── consts
│           │   │       │   │   └── consts.go
│           │   │       │   ├── frame
│           │   │       │   │   └── frame.go
│           │   │       │   ├── frameheader
│           │   │       │   │   └── frameheader.go
│           │   │       │   ├── huffman
│           │   │       │   │   └── huffman.go
│           │   │       │   ├── imdct
│           │   │       │   │   └── imdct.go
│           │   │       │   ├── maindata
│           │   │       │   │   ├── huffman.go
│           │   │       │   │   └── maindata.go
│           │   │       │   └── sideinfo
│           │   │       │       └── sideinfo.go
│           │   │       └── source.go
│           │   ├── icza
│           │   │   └── bitio
│           │   │       ├── LICENSE
│           │   │       ├── README.md
│           │   │       ├── count_reader.go
│           │   │       ├── count_writer.go
│           │   │       ├── doc.go
│           │   │       ├── reader.go
│           │   │       └── writer.go
│           │   ├── ikemen-engine
│           │   │   ├── ggpo
│           │   │   │   ├── LICENSE
│           │   │   │   ├── README.md
│           │   │   │   ├── backend.go
│           │   │   │   ├── constants.go
│           │   │   │   ├── errors.go
│           │   │   │   ├── events.go
│           │   │   │   ├── ggpo_go_logo.png
│           │   │   │   ├── internal
│           │   │   │   │   ├── buffer
│           │   │   │   │   │   ├── ringbuffer.go
│           │   │   │   │   │   └── staticbuffer.go
│           │   │   │   │   ├── input
│           │   │   │   │   │   ├── game_input.go
│           │   │   │   │   │   └── input_queue.go
│           │   │   │   │   ├── messages
│           │   │   │   │   │   └── message.go
│           │   │   │   │   ├── polling
│           │   │   │   │   │   └── poll.go
│           │   │   │   │   ├── protocol
│           │   │   │   │   │   └── protocol.go
│           │   │   │   │   ├── sync
│           │   │   │   │   │   └── timesync.go
│           │   │   │   │   └── util
│           │   │   │   │       ├── ordered_map.go
│           │   │   │   │       └── utils.go
│           │   │   │   ├── logger.go
│           │   │   │   ├── peer.go
│           │   │   │   ├── player.go
│           │   │   │   ├── session.go
│           │   │   │   ├── spectator.go
│           │   │   │   ├── sync.go
│           │   │   │   ├── synctest.go
│           │   │   │   └── transport
│           │   │   │       ├── connection.go
│           │   │   │       ├── message_handler.go
│           │   │   │       └── udp.go
│           │   │   └── reisen
│           │   │       ├── LICENSE
│           │   │       ├── README.md
│           │   │       ├── audio.go
│           │   │       ├── audioframe.go
│           │   │       ├── errors.go
│           │   │       ├── frame.go
│           │   │       ├── interpolation.go
│           │   │       ├── log.go
│           │   │       ├── media.go
│           │   │       ├── network.go
│           │   │       ├── packet.go
│           │   │       ├── platform_darwin.go
│           │   │       ├── platform_linux.go
│           │   │       ├── platform_windows.go
│           │   │       ├── stream.go
│           │   │       ├── time.go
│           │   │       ├── unknown.go
│           │   │       ├── video.go
│           │   │       └── videoframe.go
│           │   ├── jfreymuth
│           │   │   ├── oggvorbis
│           │   │   │   ├── LICENSE
│           │   │   │   ├── README.md
│           │   │   │   ├── crc.go
│           │   │   │   ├── doc.go
│           │   │   │   ├── ogg.go
│           │   │   │   ├── reader.go
│           │   │   │   └── util.go
│           │   │   └── vorbis
│           │   │       ├── LICENSE
│           │   │       ├── README.md
│           │   │       ├── bitreader.go
│           │   │       ├── codebook.go
│           │   │       ├── decode.go
│           │   │       ├── doc.go
│           │   │       ├── floor0.go
│           │   │       ├── floor1.go
│           │   │       ├── header.go
│           │   │       ├── huffman.go
│           │   │       ├── imdct.go
│           │   │       ├── inversedbtable.go
│           │   │       ├── residue.go
│           │   │       ├── setup.go
│           │   │       ├── vorbis.go
│           │   │       └── window.go
│           │   ├── leonkasovan
│           │   │   └── gl
│           │   │       ├── LICENSE
│           │   │       ├── v3.0
│           │   │       │   └── gles2
│           │   │       │       ├── conversions.go
│           │   │       │       ├── debug.go
│           │   │       │       ├── package.go
│           │   │       │       └── procaddr.go
│           │   │       └── v3.2
│           │   │           └── gles2
│           │   │               ├── conversions.go
│           │   │               ├── debug.go
│           │   │               ├── package.go
│           │   │               └── procaddr.go
│           │   ├── lucasb-eyer
│           │   │   └── go-colorful
│           │   │       ├── CHANGELOG.md
│           │   │       ├── LICENSE
│           │   │       ├── README.md
│           │   │       ├── colorgens.go
│           │   │       ├── colors.go
│           │   │       ├── happy_palettegen.go
│           │   │       ├── hexcolor.go
│           │   │       ├── hsluv-snapshot-rev4.json
│           │   │       ├── hsluv.go
│           │   │       ├── soft_palettegen.go
│           │   │       └── warm_palettegen.go
│           │   ├── lukegb
│           │   │   └── dds
│           │   │       ├── LICENSE
│           │   │       ├── bits.go
│           │   │       ├── image.go
│           │   │       └── structs.go
│           │   ├── mdouchement
│           │   │   └── hdr
│           │   │       ├── LICENSE
│           │   │       ├── README.md
│           │   │       ├── codec
│           │   │       │   └── rgbe
│           │   │       │       ├── README.md
│           │   │       │       ├── reader.go
│           │   │       │       ├── util.go
│           │   │       │       └── writer.go
│           │   │       ├── format
│           │   │       │   ├── bytes.go
│           │   │       │   ├── log_luv.go
│           │   │       │   └── rgbe.go
│           │   │       ├── geom.go
│           │   │       ├── hdrcolor
│           │   │       │   ├── color.go
│           │   │       │   └── converter.go
│           │   │       ├── image.go
│           │   │       └── wrapper.go
│           │   ├── mewkiz
│           │   │   ├── flac
│           │   │   │   ├── LICENSE
│           │   │   │   ├── README.md
│           │   │   │   ├── encode.go
│           │   │   │   ├── encode_frame.go
│           │   │   │   ├── encode_meta.go
│           │   │   │   ├── encode_subframe.go
│           │   │   │   ├── flac.go
│           │   │   │   ├── frame
│           │   │   │   │   ├── frame.go
│           │   │   │   │   └── subframe.go
│           │   │   │   ├── internal
│           │   │   │   │   ├── bits
│           │   │   │   │   │   ├── reader.go
│           │   │   │   │   │   ├── twocomp.go
│           │   │   │   │   │   ├── unary.go
│           │   │   │   │   │   └── zigzag.go
│           │   │   │   │   ├── bufseekio
│           │   │   │   │   │   └── readseeker.go
│           │   │   │   │   ├── hashutil
│           │   │   │   │   │   ├── crc16
│           │   │   │   │   │   │   └── crc16.go
│           │   │   │   │   │   ├── crc8
│           │   │   │   │   │   │   └── crc8.go
│           │   │   │   │   │   └── hashutil.go
│           │   │   │   │   ├── ioutilx
│           │   │   │   │   │   ├── byte.go
│           │   │   │   │   │   └── zero.go
│           │   │   │   │   └── utf8
│           │   │   │   │       ├── decode.go
│           │   │   │   │       └── encode.go
│           │   │   │   └── meta
│           │   │   │       ├── application.go
│           │   │   │       ├── cuesheet.go
│           │   │   │       ├── meta.go
│           │   │   │       ├── padding.go
│           │   │   │       ├── picture.go
│           │   │   │       ├── reader.go
│           │   │   │       ├── seektable.go
│           │   │   │       ├── streaminfo.go
│           │   │   │       └── vorbiscomment.go
│           │   │   └── pkg
│           │   │       ├── errutil
│           │   │       │   └── err.go
│           │   │       └── term
│           │   │           ├── color.go
│           │   │           ├── doc.go
│           │   │           └── size_unix.go
│           │   ├── pkg
│           │   │   └── errors
│           │   │       ├── LICENSE
│           │   │       ├── Makefile
│           │   │       ├── README.md
│           │   │       ├── appveyor.yml
│           │   │       ├── errors.go
│           │   │       ├── go113.go
│           │   │       └── stack.go
│           │   ├── qmuntal
│           │   │   └── gltf
│           │   │       ├── LICENSE
│           │   │       ├── README.md
│           │   │       ├── binary
│           │   │       │   ├── binary.go
│           │   │       │   ├── encode.go
│           │   │       │   ├── slice.go
│           │   │       │   └── unsafe.go
│           │   │       ├── const.go
│           │   │       ├── const_strings.go
│           │   │       ├── decoder.go
│           │   │       ├── encode.go
│           │   │       ├── gltf.go
│           │   │       ├── math.go
│           │   │       ├── modeler
│           │   │       │   ├── read.go
│           │   │       │   └── write.go
│           │   │       └── simple.gltf
│           │   ├── samhocevar
│           │   │   └── go-meltysynth
│           │   │       ├── LICENSE.txt
│           │   │       └── meltysynth
│           │   │           ├── array_math.go
│           │   │           ├── binaryreader_ex.go
│           │   │           ├── biquad_filter.go
│           │   │           ├── channel.go
│           │   │           ├── chorus.go
│           │   │           ├── envelope_stage.go
│           │   │           ├── generator.go
│           │   │           ├── generator_type.go
│           │   │           ├── instrument.go
│           │   │           ├── instrument_info.go
│           │   │           ├── instrument_region.go
│           │   │           ├── lfo.go
│           │   │           ├── loop_mode.go
│           │   │           ├── midifile.go
│           │   │           ├── midifile_sequencer.go
│           │   │           ├── modulation_envelope.go
│           │   │           ├── modulator.go
│           │   │           ├── oscillator.go
│           │   │           ├── preset.go
│           │   │           ├── preset_info.go
│           │   │           ├── preset_region.go
│           │   │           ├── region_ex.go
│           │   │           ├── region_pair.go
│           │   │           ├── reverb.go
│           │   │           ├── sample_header.go
│           │   │           ├── soundfont.go
│           │   │           ├── soundfont_info.go
│           │   │           ├── soundfont_math.go
│           │   │           ├── soundfont_parameters.go
│           │   │           ├── soundfont_sampledata.go
│           │   │           ├── soundfont_version.go
│           │   │           ├── synthesizer.go
│           │   │           ├── synthesizer_settings.go
│           │   │           ├── voice.go
│           │   │           ├── voice_collection.go
│           │   │           ├── volume_envelope.go
│           │   │           ├── zone.go
│           │   │           └── zone_info.go
│           │   ├── sqweek
│           │   │   └── dialog
│           │   │       ├── LICENSE
│           │   │       ├── README.md
│           │   │       ├── cocoa
│           │   │       │   ├── dlg.h
│           │   │       │   ├── dlg.m
│           │   │       │   └── dlg_darwin.go
│           │   │       ├── dlgs.go
│           │   │       ├── dlgs_darwin.go
│           │   │       ├── dlgs_linux.go
│           │   │       ├── dlgs_windows.go
│           │   │       └── util.go
│           │   ├── tidwall
│           │   │   ├── gjson
│           │   │   │   ├── LICENSE
│           │   │   │   ├── README.md
│           │   │   │   ├── SYNTAX.md
│           │   │   │   └── gjson.go
│           │   │   ├── match
│           │   │   │   ├── LICENSE
│           │   │   │   ├── README.md
│           │   │   │   └── match.go
│           │   │   ├── pretty
│           │   │   │   ├── LICENSE
│           │   │   │   ├── README.md
│           │   │   │   └── pretty.go
│           │   │   └── sjson
│           │   │       ├── LICENSE
│           │   │       ├── README.md
│           │   │       ├── logo.png
│           │   │       └── sjson.go
│           │   ├── veandco
│           │   │   └── go-sdl2
│           │   │       ├── CONTRIBUTORS.md
│           │   │       ├── LICENSE
│           │   │       ├── _libs
│           │   │       │   ├── dummy.go
│           │   │       │   ├── include
│           │   │       │   │   └── SDL2
│           │   │       │   │       ├── SDL.h
│           │   │       │   │       ├── SDL2_framerate.h
│           │   │       │   │       ├── SDL2_gfxPrimitives.h
│           │   │       │   │       ├── SDL2_gfxPrimitives_font.h
│           │   │       │   │       ├── SDL2_imageFilter.h
│           │   │       │   │       ├── SDL2_rotozoom.h
│           │   │       │   │       ├── SDL_assert.h
│           │   │       │   │       ├── SDL_atomic.h
│           │   │       │   │       ├── SDL_audio.h
│           │   │       │   │       ├── SDL_bits.h
│           │   │       │   │       ├── SDL_blendmode.h
│           │   │       │   │       ├── SDL_clipboard.h
│           │   │       │   │       ├── SDL_config.h
│           │   │       │   │       ├── SDL_config_android.h
│           │   │       │   │       ├── SDL_config_android_arm.h
│           │   │       │   │       ├── SDL_config_darwin_amd64.h
│           │   │       │   │       ├── SDL_config_darwin_arm64.h
│           │   │       │   │       ├── SDL_config_emscripten.h
│           │   │       │   │       ├── SDL_config_iphoneos.h
│           │   │       │   │       ├── SDL_config_linux_386.h
│           │   │       │   │       ├── SDL_config_linux_amd64.h
│           │   │       │   │       ├── SDL_config_linux_arm.h
│           │   │       │   │       ├── SDL_config_linux_mipsle.h
│           │   │       │   │       ├── SDL_config_macosx.h
│           │   │       │   │       ├── SDL_config_minimal.h
│           │   │       │   │       ├── SDL_config_os2.h
│           │   │       │   │       ├── SDL_config_pandora.h
│           │   │       │   │       ├── SDL_config_psp.h
│           │   │       │   │       ├── SDL_config_windows.h
│           │   │       │   │       ├── SDL_config_windows_386.h
│           │   │       │   │       ├── SDL_config_windows_amd64.h
│           │   │       │   │       ├── SDL_config_winrt.h
│           │   │       │   │       ├── SDL_config_wiz.h
│           │   │       │   │       ├── SDL_copying.h
│           │   │       │   │       ├── SDL_cpuinfo.h
│           │   │       │   │       ├── SDL_egl.h
│           │   │       │   │       ├── SDL_endian.h
│           │   │       │   │       ├── SDL_error.h
│           │   │       │   │       ├── SDL_events.h
│           │   │       │   │       ├── SDL_filesystem.h
│           │   │       │   │       ├── SDL_gamecontroller.h
│           │   │       │   │       ├── SDL_gesture.h
│           │   │       │   │       ├── SDL_haptic.h
│           │   │       │   │       ├── SDL_hidapi.h
│           │   │       │   │       ├── SDL_hints.h
│           │   │       │   │       ├── SDL_image.h
│           │   │       │   │       ├── SDL_joystick.h
│           │   │       │   │       ├── SDL_keyboard.h
│           │   │       │   │       ├── SDL_keycode.h
│           │   │       │   │       ├── SDL_loadso.h
│           │   │       │   │       ├── SDL_locale.h
│           │   │       │   │       ├── SDL_log.h
│           │   │       │   │       ├── SDL_main.h
│           │   │       │   │       ├── SDL_messagebox.h
│           │   │       │   │       ├── SDL_metal.h
│           │   │       │   │       ├── SDL_misc.h
│           │   │       │   │       ├── SDL_mixer.h
│           │   │       │   │       ├── SDL_mouse.h
│           │   │       │   │       ├── SDL_mutex.h
│           │   │       │   │       ├── SDL_name.h
│           │   │       │   │       ├── SDL_opengl.h
│           │   │       │   │       ├── SDL_opengl_glext.h
│           │   │       │   │       ├── SDL_opengles.h
│           │   │       │   │       ├── SDL_opengles2.h
│           │   │       │   │       ├── SDL_opengles2_gl2.h
│           │   │       │   │       ├── SDL_opengles2_gl2ext.h
│           │   │       │   │       ├── SDL_opengles2_gl2platform.h
│           │   │       │   │       ├── SDL_opengles2_khrplatform.h
│           │   │       │   │       ├── SDL_pixels.h
│           │   │       │   │       ├── SDL_platform.h
│           │   │       │   │       ├── SDL_power.h
│           │   │       │   │       ├── SDL_quit.h
│           │   │       │   │       ├── SDL_rect.h
│           │   │       │   │       ├── SDL_render.h
│           │   │       │   │       ├── SDL_revision.h
│           │   │       │   │       ├── SDL_rwops.h
│           │   │       │   │       ├── SDL_scancode.h
│           │   │       │   │       ├── SDL_sensor.h
│           │   │       │   │       ├── SDL_shape.h
│           │   │       │   │       ├── SDL_stdinc.h
│           │   │       │   │       ├── SDL_surface.h
│           │   │       │   │       ├── SDL_system.h
│           │   │       │   │       ├── SDL_syswm.h
│           │   │       │   │       ├── SDL_test.h
│           │   │       │   │       ├── SDL_test_assert.h
│           │   │       │   │       ├── SDL_test_common.h
│           │   │       │   │       ├── SDL_test_compare.h
│           │   │       │   │       ├── SDL_test_crc32.h
│           │   │       │   │       ├── SDL_test_font.h
│           │   │       │   │       ├── SDL_test_fuzzer.h
│           │   │       │   │       ├── SDL_test_harness.h
│           │   │       │   │       ├── SDL_test_images.h
│           │   │       │   │       ├── SDL_test_log.h
│           │   │       │   │       ├── SDL_test_md5.h
│           │   │       │   │       ├── SDL_test_memory.h
│           │   │       │   │       ├── SDL_test_random.h
│           │   │       │   │       ├── SDL_thread.h
│           │   │       │   │       ├── SDL_timer.h
│           │   │       │   │       ├── SDL_touch.h
│           │   │       │   │       ├── SDL_ttf.h
│           │   │       │   │       ├── SDL_types.h
│           │   │       │   │       ├── SDL_version.h
│           │   │       │   │       ├── SDL_video.h
│           │   │       │   │       ├── SDL_vulkan.h
│           │   │       │   │       ├── begin_code.h
│           │   │       │   │       ├── close_code.h
│           │   │       │   │       ├── dummy.go
│           │   │       │   │       ├── effects_internal.h
│           │   │       │   │       ├── load_aiff.h
│           │   │       │   │       ├── load_voc.h
│           │   │       │   │       ├── miniz.h
│           │   │       │   │       ├── mixer.h
│           │   │       │   │       ├── music.h
│           │   │       │   │       ├── music_cmd.h
│           │   │       │   │       ├── music_flac.h
│           │   │       │   │       ├── music_fluidsynth.h
│           │   │       │   │       ├── music_mad.h
│           │   │       │   │       ├── music_mikmod.h
│           │   │       │   │       ├── music_modplug.h
│           │   │       │   │       ├── music_mpg123.h
│           │   │       │   │       ├── music_nativemidi.h
│           │   │       │   │       ├── music_ogg.h
│           │   │       │   │       ├── music_opus.h
│           │   │       │   │       ├── music_timidity.h
│           │   │       │   │       ├── music_wav.h
│           │   │       │   │       ├── nanosvg.h
│           │   │       │   │       └── nanosvgrast.h
│           │   │       │   ├── libSDL2_android_arm.a
│           │   │       │   ├── libSDL2_darwin_amd64.a
│           │   │       │   ├── libSDL2_darwin_arm64.a
│           │   │       │   ├── libSDL2_gfx_android_arm.a
│           │   │       │   ├── libSDL2_gfx_darwin_amd64.a
│           │   │       │   ├── libSDL2_gfx_linux_386.a
│           │   │       │   ├── libSDL2_gfx_linux_amd64.a
│           │   │       │   ├── libSDL2_gfx_linux_arm.a
│           │   │       │   ├── libSDL2_gfx_windows_386.a
│           │   │       │   ├── libSDL2_gfx_windows_amd64.a
│           │   │       │   ├── libSDL2_image_android_arm.a
│           │   │       │   ├── libSDL2_image_darwin_amd64.a
│           │   │       │   ├── libSDL2_image_linux_386.a
│           │   │       │   ├── libSDL2_image_linux_amd64.a
│           │   │       │   ├── libSDL2_image_linux_arm.a
│           │   │       │   ├── libSDL2_image_linux_arm_rpi.a
│           │   │       │   ├── libSDL2_image_linux_arm_vivante.a
│           │   │       │   ├── libSDL2_image_linux_mipsel.a
│           │   │       │   ├── libSDL2_image_linux_mipsle.a
│           │   │       │   ├── libSDL2_image_windows_386.a
│           │   │       │   ├── libSDL2_image_windows_amd64.a
│           │   │       │   ├── libSDL2_linux_386.a
│           │   │       │   ├── libSDL2_linux_amd64.a
│           │   │       │   ├── libSDL2_linux_arm.a
│           │   │       │   ├── libSDL2_linux_arm_rpi.a
│           │   │       │   ├── libSDL2_linux_arm_vivante.a
│           │   │       │   ├── libSDL2_linux_mipsel.a
│           │   │       │   ├── libSDL2_linux_mipsle.a
│           │   │       │   ├── libSDL2_mixer_android_arm.a
│           │   │       │   ├── libSDL2_mixer_darwin_amd64.a
│           │   │       │   ├── libSDL2_mixer_linux_386.a
│           │   │       │   ├── libSDL2_mixer_linux_amd64.a
│           │   │       │   ├── libSDL2_mixer_linux_arm.a
│           │   │       │   ├── libSDL2_mixer_linux_mipsle.a
│           │   │       │   ├── libSDL2_mixer_windows_386.a
│           │   │       │   ├── libSDL2_mixer_windows_amd64.a
│           │   │       │   ├── libSDL2_ttf_android_arm.a
│           │   │       │   ├── libSDL2_ttf_darwin_amd64.a
│           │   │       │   ├── libSDL2_ttf_linux_386.a
│           │   │       │   ├── libSDL2_ttf_linux_amd64.a
│           │   │       │   ├── libSDL2_ttf_linux_arm.a
│           │   │       │   ├── libSDL2_ttf_linux_arm_rpi.a
│           │   │       │   ├── libSDL2_ttf_linux_arm_vivante.a
│           │   │       │   ├── libSDL2_ttf_linux_mipsel.a
│           │   │       │   ├── libSDL2_ttf_linux_mipsle.a
│           │   │       │   ├── libSDL2_ttf_windows_386.a
│           │   │       │   ├── libSDL2_ttf_windows_amd64.a
│           │   │       │   ├── libSDL2_windows_386.a
│           │   │       │   ├── libSDL2_windows_amd64.a
│           │   │       │   ├── libSDL2main_android_arm.a
│           │   │       │   ├── libSDL2main_darwin_amd64.a
│           │   │       │   ├── libSDL2main_linux_386.a
│           │   │       │   ├── libSDL2main_linux_amd64.a
│           │   │       │   ├── libSDL2main_linux_arm.a
│           │   │       │   ├── libSDL2main_linux_mipsle.a
│           │   │       │   ├── libSDL2main_windows_386.a
│           │   │       │   ├── libSDL2main_windows_amd64.a
│           │   │       │   ├── libfreetype_android_arm.a
│           │   │       │   ├── libfreetype_darwin_amd64.a
│           │   │       │   ├── libfreetype_linux_386.a
│           │   │       │   ├── libfreetype_linux_amd64.a
│           │   │       │   ├── libfreetype_linux_arm.a
│           │   │       │   ├── libfreetype_linux_mipsle.a
│           │   │       │   ├── libfreetype_windows_386.a
│           │   │       │   ├── libfreetype_windows_amd64.a
│           │   │       │   ├── libjpeg_android_arm.a
│           │   │       │   ├── libjpeg_darwin_amd64.a
│           │   │       │   ├── libjpeg_linux_386.a
│           │   │       │   ├── libjpeg_linux_amd64.a
│           │   │       │   ├── libjpeg_linux_arm.a
│           │   │       │   ├── libjpeg_linux_mipsle.a
│           │   │       │   ├── libjpeg_windows_386.a
│           │   │       │   ├── libjpeg_windows_amd64.a
│           │   │       │   ├── libmpg123_android_arm.a
│           │   │       │   ├── libmpg123_darwin_amd64.a
│           │   │       │   ├── libmpg123_linux_386.a
│           │   │       │   ├── libmpg123_linux_amd64.a
│           │   │       │   ├── libmpg123_linux_arm.a
│           │   │       │   ├── libmpg123_linux_mipsle.a
│           │   │       │   ├── libmpg123_windows_386.a
│           │   │       │   ├── libmpg123_windows_amd64.a
│           │   │       │   ├── libogg_android_arm.a
│           │   │       │   ├── libogg_darwin_amd64.a
│           │   │       │   ├── libogg_linux_386.a
│           │   │       │   ├── libogg_linux_amd64.a
│           │   │       │   ├── libogg_linux_arm.a
│           │   │       │   ├── libogg_linux_mipsle.a
│           │   │       │   ├── libogg_windows_386.a
│           │   │       │   ├── libogg_windows_amd64.a
│           │   │       │   ├── libpng_android_arm.a
│           │   │       │   ├── libpng_darwin_amd64.a
│           │   │       │   ├── libpng_linux_386.a
│           │   │       │   ├── libpng_linux_amd64.a
│           │   │       │   ├── libpng_linux_arm.a
│           │   │       │   ├── libpng_linux_mipsle.a
│           │   │       │   ├── libpng_windows_386.a
│           │   │       │   ├── libpng_windows_amd64.a
│           │   │       │   ├── libvorbis_android_arm.a
│           │   │       │   ├── libvorbis_darwin_amd64.a
│           │   │       │   ├── libvorbis_linux_386.a
│           │   │       │   ├── libvorbis_linux_amd64.a
│           │   │       │   ├── libvorbis_linux_arm.a
│           │   │       │   ├── libvorbis_linux_mipsle.a
│           │   │       │   ├── libvorbis_windows_386.a
│           │   │       │   ├── libvorbis_windows_amd64.a
│           │   │       │   ├── libvorbisfile_android_arm.a
│           │   │       │   ├── libvorbisfile_darwin_amd64.a
│           │   │       │   ├── libvorbisfile_linux_386.a
│           │   │       │   ├── libvorbisfile_linux_amd64.a
│           │   │       │   ├── libvorbisfile_linux_arm.a
│           │   │       │   ├── libvorbisfile_linux_mipsle.a
│           │   │       │   ├── libvorbisfile_windows_386.a
│           │   │       │   ├── libvorbisfile_windows_amd64.a
│           │   │       │   ├── libz_darwin_amd64.a
│           │   │       │   ├── libz_linux_386.a
│           │   │       │   ├── libz_linux_amd64.a
│           │   │       │   ├── libz_linux_mipsle.a
│           │   │       │   ├── libz_windows_386.a
│           │   │       │   └── libz_windows_amd64.a
│           │   │       └── sdl
│           │   │           ├── TODO.md
│           │   │           ├── audio.go
│           │   │           ├── blendmode.go
│           │   │           ├── clipboard.go
│           │   │           ├── cpuinfo.go
│           │   │           ├── endian.go
│           │   │           ├── error.go
│           │   │           ├── events.c
│           │   │           ├── events.go
│           │   │           ├── events.h
│           │   │           ├── filesystem.go
│           │   │           ├── gamecontroller.go
│           │   │           ├── gesture.go
│           │   │           ├── guid.go
│           │   │           ├── haptic.go
│           │   │           ├── helpers.go
│           │   │           ├── hidapi.go
│           │   │           ├── hints.c
│           │   │           ├── hints.go
│           │   │           ├── hints.h
│           │   │           ├── joystick.go
│           │   │           ├── keyboard.go
│           │   │           ├── keycode.go
│           │   │           ├── loadso.go
│           │   │           ├── locale.go
│           │   │           ├── log.c
│           │   │           ├── log.go
│           │   │           ├── log.h
│           │   │           ├── metal.go
│           │   │           ├── misc.go
│           │   │           ├── mouse.go
│           │   │           ├── mutex.go
│           │   │           ├── pixelformatconstant_string.go
│           │   │           ├── pixels.go
│           │   │           ├── power.go
│           │   │           ├── rect.go
│           │   │           ├── render.go
│           │   │           ├── rwops.go
│           │   │           ├── scancode.go
│           │   │           ├── sdl.go
│           │   │           ├── sdl_cgo.go
│           │   │           ├── sdl_cgo_static.go
│           │   │           ├── sdl_wrapper.h
│           │   │           ├── sensor.go
│           │   │           ├── shape.go
│           │   │           ├── surface.go
│           │   │           ├── sysrender.go
│           │   │           ├── system.c
│           │   │           ├── system.go
│           │   │           ├── system.h
│           │   │           ├── system_android.go
│           │   │           ├── system_linux.go
│           │   │           ├── system_windows.go
│           │   │           ├── syswm.go
│           │   │           ├── syswm_cocoa.go
│           │   │           ├── syswm_dfb.go
│           │   │           ├── syswm_uikit.go
│           │   │           ├── syswm_vivante.go
│           │   │           ├── syswm_windows.go
│           │   │           ├── syswm_x11.go
│           │   │           ├── thread.go
│           │   │           ├── timer.go
│           │   │           ├── touch.go
│           │   │           ├── version.go
│           │   │           ├── video.go
│           │   │           └── vulkan.go
│           │   └── yuin
│           │       └── gopher-lua
│           │           ├── LICENSE
│           │           ├── Makefile
│           │           ├── README.rst
│           │           ├── _state.go
│           │           ├── _vm.go
│           │           ├── alloc.go
│           │           ├── ast
│           │           │   ├── ast.go
│           │           │   ├── expr.go
│           │           │   ├── misc.go
│           │           │   ├── stmt.go
│           │           │   └── token.go
│           │           ├── auxlib.go
│           │           ├── baselib.go
│           │           ├── channellib.go
│           │           ├── compile.go
│           │           ├── config.go
│           │           ├── coroutinelib.go
│           │           ├── debuglib.go
│           │           ├── function.go
│           │           ├── iolib.go
│           │           ├── linit.go
│           │           ├── loadlib.go
│           │           ├── mathlib.go
│           │           ├── opcode.go
│           │           ├── oslib.go
│           │           ├── package.go
│           │           ├── parse
│           │           │   ├── Makefile
│           │           │   ├── lexer.go
│           │           │   ├── parser.go
│           │           │   └── parser.go.y
│           │           ├── pm
│           │           │   └── pm.go
│           │           ├── state.go
│           │           ├── stringlib.go
│           │           ├── table.go
│           │           ├── tablelib.go
│           │           ├── utils.go
│           │           ├── value.go
│           │           └── vm.go
│           ├── golang.org
│           │   └── x
│           │       ├── exp
│           │       │   ├── AUTHORS
│           │       │   ├── CONTRIBUTORS
│           │       │   ├── LICENSE
│           │       │   ├── PATENTS
│           │       │   ├── constraints
│           │       │   │   └── constraints.go
│           │       │   └── maps
│           │       │       └── maps.go
│           │       ├── image
│           │       │   ├── LICENSE
│           │       │   ├── PATENTS
│           │       │   ├── font
│           │       │   │   └── font.go
│           │       │   └── math
│           │       │       ├── f32
│           │       │       │   └── f32.go
│           │       │       └── fixed
│           │       │           └── fixed.go
│           │       ├── mobile
│           │       │   ├── LICENSE
│           │       │   ├── PATENTS
│           │       │   └── exp
│           │       │       └── f32
│           │       │           ├── affine.go
│           │       │           ├── f32.go
│           │       │           ├── mat3.go
│           │       │           ├── mat4.go
│           │       │           ├── table.go
│           │       │           ├── vec3.go
│           │       │           └── vec4.go
│           │       ├── sys
│           │       │   ├── LICENSE
│           │       │   ├── PATENTS
│           │       │   └── windows
│           │       │       ├── aliases.go
│           │       │       ├── dll_windows.go
│           │       │       ├── empty.s
│           │       │       ├── env_windows.go
│           │       │       ├── eventlog.go
│           │       │       ├── exec_windows.go
│           │       │       ├── memory_windows.go
│           │       │       ├── mkerrors.bash
│           │       │       ├── mkknownfolderids.bash
│           │       │       ├── mksyscall.go
│           │       │       ├── race.go
│           │       │       ├── race0.go
│           │       │       ├── security_windows.go
│           │       │       ├── service.go
│           │       │       ├── setupapi_windows.go
│           │       │       ├── str.go
│           │       │       ├── syscall.go
│           │       │       ├── syscall_windows.go
│           │       │       ├── types_windows.go
│           │       │       ├── types_windows_386.go
│           │       │       ├── types_windows_amd64.go
│           │       │       ├── types_windows_arm.go
│           │       │       ├── types_windows_arm64.go
│           │       │       ├── zerrors_windows.go
│           │       │       ├── zknownfolderids_windows.go
│           │       │       └── zsyscall_windows.go
│           │       └── text
│           │           ├── LICENSE
│           │           ├── PATENTS
│           │           ├── encoding
│           │           │   ├── encoding.go
│           │           │   ├── internal
│           │           │   │   ├── identifier
│           │           │   │   │   ├── identifier.go
│           │           │   │   │   └── mib.go
│           │           │   │   └── internal.go
│           │           │   └── japanese
│           │           │       ├── all.go
│           │           │       ├── eucjp.go
│           │           │       ├── iso2022jp.go
│           │           │       ├── shiftjis.go
│           │           │       └── tables.go
│           │           └── transform
│           │               └── transform.go
│           ├── gopkg.in
│           │   └── ini.v1
│           │       ├── LICENSE
│           │       ├── Makefile
│           │       ├── README.md
│           │       ├── codecov.yml
│           │       ├── data_source.go
│           │       ├── deprecated.go
│           │       ├── error.go
│           │       ├── file.go
│           │       ├── helper.go
│           │       ├── ini.go
│           │       ├── key.go
│           │       ├── parser.go
│           │       ├── section.go
│           │       └── struct.go
│           └── modules.txt
├── server.py
└── tree.log

249 directories, 2279 files
